Nov  3 14:52:18 DESKTOP-2PHB2EP systemd[1]: Finished Apply Kernel Variables.
Nov  3 14:52:18 DESKTOP-2PHB2EP kernel: [    0.000000] Linux version 6.6.87.2-microsoft-standard-WSL2 (root@439a258ad544) (gcc (GCC) 11.2.0, GNU ld (GNU Binutils) 2.37) #1 SMP PREEMPT_DYNAMIC Thu Jun  5 18:30:46 UTC 2025
Nov  3 14:52:18 DESKTOP-2PHB2EP kernel: [    0.000000] Command line: initrd=\initrd.img WSL_ROOT_INIT=1 panic=-1 nr_cpus=20 hv_utils.timesync_implicit=1 console=hvc0 debug pty.legacy_count=0 WSL_ENABLE_CRASH_DUMP=1
Nov  3 14:52:18 DESKTOP-2PHB2EP kernel: [    0.000000] KERNEL supported cpus:
Nov  3 14:52:18 DESKTOP-2PHB2EP kernel: [    0.000000]   Intel GenuineIntel
Nov  3 14:52:18 DESKTOP-2PHB2EP kernel: [    0.000000]   AMD AuthenticAMD
Nov  3 14:52:18 DESKTOP-2PHB2EP kernel: [    0.000000] BIOS-provided physical RAM map:
Nov  3 14:52:18 DESKTOP-2PHB2EP kernel: [    0.000000] BIOS-e820: [mem 0x0000000000000000-0x000000000009ffff] usable
Nov  3 14:52:18 DESKTOP-2PHB2EP kernel: [    0.000000] BIOS-e820: [mem 0x00000000000e0000-0x00000000000e0fff] reserved
Nov  3 14:52:18 DESKTOP-2PHB2EP kernel: [    0.000000] BIOS-e820: [mem 0x0000000000100000-0x00000000001fffff] ACPI data
Nov  3 14:52:18 DESKTOP-2PHB2EP kernel: [    0.000000] BIOS-e820: [mem 0x0000000000200000-0x00000000f7ffffff] usable
Nov  3 14:52:18 DESKTOP-2PHB2EP kernel: [    0.000000] BIOS-e820: [mem 0x0000000100000000-0x00000004005fffff] usable
Nov  3 14:52:18 DESKTOP-2PHB2EP kernel: [    0.000000] NX (Execute Disable) protection: active
Nov  3 14:52:18 DESKTOP-2PHB2EP kernel: [    0.000000] APIC: Static calls initialized
Nov  3 14:52:18 DESKTOP-2PHB2EP kernel: [    0.000000] DMI not present or invalid.
Nov  3 14:52:18 DESKTOP-2PHB2EP kernel: [    0.000000] Hypervisor detected: Microsoft Hyper-V
Nov  3 14:52:18 DESKTOP-2PHB2EP kernel: [    0.000000] Hyper-V: privilege flags low 0xae7f, high 0x3b8030, hints 0x9a4e24, misc 0xe0bed7b2
Nov  3 14:52:18 DESKTOP-2PHB2EP kernel: [    0.000000] Hyper-V: Nested features: 0x3e0101
Nov  3 14:52:18 DESKTOP-2PHB2EP kernel: [    0.000000] Hyper-V: LAPIC Timer Frequency: 0xc3500
Nov  3 14:52:18 DESKTOP-2PHB2EP kernel: [    0.000000] Hyper-V: Using hypercall for remote TLB flush
Nov  3 14:52:18 DESKTOP-2PHB2EP kernel: [    0.000000] clocksource: hyperv_clocksource_tsc_page: mask: 0xffffffffffffffff max_cycles: 0x24e6a1710, max_idle_ns: 440795202120 ns
Nov  3 14:52:18 DESKTOP-2PHB2EP systemd[1]: Mounting FUSE Control File System...
Nov  3 14:52:18 DESKTOP-2PHB2EP kernel: [    0.000000] clocksource: hyperv_clocksource_msr: mask: 0xffffffffffffffff max_cycles: 0x24e6a1710, max_idle_ns: 440795202120 ns
Nov  3 14:52:18 DESKTOP-2PHB2EP kernel: [    0.000000] tsc: Detected 2112.000 MHz processor
Nov  3 14:52:18 DESKTOP-2PHB2EP kernel: [    0.000027] e820: update [mem 0x00000000-0x00000fff] usable ==> reserved
Nov  3 14:52:18 DESKTOP-2PHB2EP kernel: [    0.000029] e820: remove [mem 0x000a0000-0x000fffff] usable
Nov  3 14:52:18 DESKTOP-2PHB2EP kernel: [    0.000031] last_pfn = 0x400600 max_arch_pfn = 0x400000000
Nov  3 14:52:18 DESKTOP-2PHB2EP kernel: [    0.000043] MTRR map: 5 entries (4 fixed + 1 variable; max 20), built from 8 variable MTRRs
Nov  3 14:52:18 DESKTOP-2PHB2EP systemd[1]: Condition check resulted in Kernel Configuration File System being skipped.
Nov  3 14:52:18 DESKTOP-2PHB2EP kernel: [    0.000045] x86/PAT: Configuration [0-7]: WB  WC  UC- UC  WB  WP  UC- WT  
Nov  3 14:52:18 DESKTOP-2PHB2EP kernel: [    0.000066] last_pfn = 0xf8000 max_arch_pfn = 0x400000000
Nov  3 14:52:18 DESKTOP-2PHB2EP systemd[1]: Starting Flush Journal to Persistent Storage...
Nov  3 14:52:18 DESKTOP-2PHB2EP kernel: [    0.000074] Using GB pages for direct mapping
Nov  3 14:52:18 DESKTOP-2PHB2EP kernel: [    0.000146] RAMDISK: [mem 0x04be4000-0x04e7ffff]
Nov  3 14:52:18 DESKTOP-2PHB2EP kernel: [    0.000148] ACPI: Early table checksum verification disabled
Nov  3 14:52:18 DESKTOP-2PHB2EP systemd[1]: Condition check resulted in Platform Persistent Storage Archival being skipped.
Nov  3 14:52:18 DESKTOP-2PHB2EP kernel: [    0.000150] ACPI: RSDP 0x00000000000E0000 000024 (v02 VRTUAL)
Nov  3 14:52:18 DESKTOP-2PHB2EP kernel: [    0.000153] ACPI: XSDT 0x0000000000100000 000044 (v01 VRTUAL MICROSFT 00000001 MSFT 00000001)
Nov  3 14:52:18 DESKTOP-2PHB2EP kernel: [    0.000157] ACPI: FACP 0x0000000000101000 000114 (v06 VRTUAL MICROSFT 00000001 MSFT 00000001)
Nov  3 14:52:18 DESKTOP-2PHB2EP kernel: [    0.000160] ACPI: DSDT 0x00000000001011B8 01E11C (v02 MSFTVM DSDT01   00000001 INTL 20230628)
Nov  3 14:52:18 DESKTOP-2PHB2EP kernel: [    0.000163] ACPI: FACS 0x0000000000101114 000040
Nov  3 14:52:18 DESKTOP-2PHB2EP kernel: [    0.000165] ACPI: OEM0 0x0000000000101154 000064 (v01 VRTUAL MICROSFT 00000001 MSFT 00000001)
Nov  3 14:52:18 DESKTOP-2PHB2EP kernel: [    0.000167] ACPI: SRAT 0x000000000011F2D4 0003F0 (v02 VRTUAL MICROSFT 00000001 MSFT 00000001)
Nov  3 14:52:18 DESKTOP-2PHB2EP kernel: [    0.000169] ACPI: APIC 0x000000000011F6C4 0000E8 (v04 VRTUAL MICROSFT 00000001 MSFT 00000001)
Nov  3 14:52:18 DESKTOP-2PHB2EP kernel: [    0.000170] ACPI: Reserving FACP table memory at [mem 0x101000-0x101113]
Nov  3 14:52:18 DESKTOP-2PHB2EP kernel: [    0.000171] ACPI: Reserving DSDT table memory at [mem 0x1011b8-0x11f2d3]
Nov  3 14:52:18 DESKTOP-2PHB2EP kernel: [    0.000172] ACPI: Reserving FACS table memory at [mem 0x101114-0x101153]
Nov  3 14:52:18 DESKTOP-2PHB2EP kernel: [    0.000172] ACPI: Reserving OEM0 table memory at [mem 0x101154-0x1011b7]
Nov  3 14:52:18 DESKTOP-2PHB2EP kernel: [    0.000173] ACPI: Reserving SRAT table memory at [mem 0x11f2d4-0x11f6c3]
Nov  3 14:52:18 DESKTOP-2PHB2EP kernel: [    0.000173] ACPI: Reserving APIC table memory at [mem 0x11f6c4-0x11f7ab]
Nov  3 14:52:18 DESKTOP-2PHB2EP kernel: [    0.000189] SRAT: PXM 0 -> APIC 0x00 -> Node 0
Nov  3 14:52:18 DESKTOP-2PHB2EP kernel: [    0.000190] SRAT: PXM 0 -> APIC 0x01 -> Node 0
Nov  3 14:52:18 DESKTOP-2PHB2EP kernel: [    0.000190] SRAT: PXM 0 -> APIC 0x02 -> Node 0
Nov  3 14:52:18 DESKTOP-2PHB2EP kernel: [    0.000191] SRAT: PXM 0 -> APIC 0x03 -> Node 0
Nov  3 14:52:18 DESKTOP-2PHB2EP kernel: [    0.000191] SRAT: PXM 0 -> APIC 0x04 -> Node 0
Nov  3 14:52:18 DESKTOP-2PHB2EP kernel: [    0.000191] SRAT: PXM 0 -> APIC 0x05 -> Node 0
Nov  3 14:52:18 DESKTOP-2PHB2EP kernel: [    0.000192] SRAT: PXM 0 -> APIC 0x06 -> Node 0
Nov  3 14:52:18 DESKTOP-2PHB2EP kernel: [    0.000192] SRAT: PXM 0 -> APIC 0x07 -> Node 0
Nov  3 14:52:18 DESKTOP-2PHB2EP systemd[1]: Condition check resulted in Load/Save Random Seed being skipped.
Nov  3 14:52:18 DESKTOP-2PHB2EP systemd[1]: Condition check resulted in First Boot Complete being skipped.
Nov  3 14:52:18 DESKTOP-2PHB2EP kernel: [    0.000192] SRAT: PXM 0 -> APIC 0x08 -> Node 0
Nov  3 14:52:18 DESKTOP-2PHB2EP systemd[1]: Starting Create System Users...
Nov  3 14:52:18 DESKTOP-2PHB2EP kernel: [    0.000193] SRAT: PXM 0 -> APIC 0x09 -> Node 0
Nov  3 14:52:18 DESKTOP-2PHB2EP kernel: [    0.000193] SRAT: PXM 0 -> APIC 0x0a -> Node 0
Nov  3 14:52:18 DESKTOP-2PHB2EP kernel: [    0.000193] SRAT: PXM 0 -> APIC 0x0b -> Node 0
Nov  3 14:52:18 DESKTOP-2PHB2EP kernel: [    0.000194] SRAT: PXM 0 -> APIC 0x0c -> Node 0
Nov  3 14:52:18 DESKTOP-2PHB2EP kernel: [    0.000194] SRAT: PXM 0 -> APIC 0x0d -> Node 0
Nov  3 14:52:18 DESKTOP-2PHB2EP kernel: [    0.000194] SRAT: PXM 0 -> APIC 0x0e -> Node 0
Nov  3 14:52:18 DESKTOP-2PHB2EP kernel: [    0.000194] SRAT: PXM 0 -> APIC 0x0f -> Node 0
Nov  3 14:52:18 DESKTOP-2PHB2EP kernel: [    0.000195] SRAT: PXM 0 -> APIC 0x10 -> Node 0
Nov  3 14:52:18 DESKTOP-2PHB2EP systemd[1]: Mounted FUSE Control File System.
Nov  3 14:52:18 DESKTOP-2PHB2EP kernel: [    0.000195] SRAT: PXM 0 -> APIC 0x11 -> Node 0
Nov  3 14:52:18 DESKTOP-2PHB2EP kernel: [    0.000195] SRAT: PXM 0 -> APIC 0x12 -> Node 0
Nov  3 14:52:18 DESKTOP-2PHB2EP kernel: [    0.000196] SRAT: PXM 0 -> APIC 0x13 -> Node 0
Nov  3 14:52:18 DESKTOP-2PHB2EP systemd[1]: Finished Create System Users.
Nov  3 14:52:18 DESKTOP-2PHB2EP systemd[1]: Finished Set the console keyboard layout.
Nov  3 14:52:18 DESKTOP-2PHB2EP kernel: [    0.000197] ACPI: SRAT: Node 0 PXM 0 [mem 0x00000000-0xf7ffffff] hotplug
Nov  3 14:52:18 DESKTOP-2PHB2EP kernel: [    0.000198] ACPI: SRAT: Node 0 PXM 0 [mem 0x100000000-0x4005fffff] hotplug
Nov  3 14:52:18 DESKTOP-2PHB2EP kernel: [    0.000199] ACPI: SRAT: Node 0 PXM 0 [mem 0x400600000-0x9ffdfffff] hotplug
Nov  3 14:52:18 DESKTOP-2PHB2EP systemd[1]: Starting Create Static Device Nodes in /dev...
Nov  3 14:52:18 DESKTOP-2PHB2EP systemd[1]: Finished Create Static Device Nodes in /dev.
Nov  3 14:52:18 DESKTOP-2PHB2EP systemd[1]: Reached target Preparation for Local File Systems.
Nov  3 14:52:18 DESKTOP-2PHB2EP kernel: [    0.000199] ACPI: SRAT: Node 0 PXM 0 [mem 0x1000000000-0xffffffffff] hotplug
Nov  3 14:52:18 DESKTOP-2PHB2EP systemd[1]: Reached target Local File Systems.
Nov  3 14:52:18 DESKTOP-2PHB2EP kernel: [    0.000200] ACPI: SRAT: Node 0 PXM 0 [mem 0x10000000000-0x1ffffffffff] hotplug
Nov  3 14:52:18 DESKTOP-2PHB2EP kernel: [    0.000201] ACPI: SRAT: Node 0 PXM 0 [mem 0x20000000000-0x3ffffffffff] hotplug
Nov  3 14:52:18 DESKTOP-2PHB2EP kernel: [    0.000201] ACPI: SRAT: Node 0 PXM 0 [mem 0x40000000000-0x7ffffffffff] hotplug
Nov  3 14:52:18 DESKTOP-2PHB2EP kernel: [    0.000202] ACPI: SRAT: Node 0 PXM 0 [mem 0x80000000000-0xfffffffffff] hotplug
Nov  3 14:52:18 DESKTOP-2PHB2EP systemd[1]: Condition check resulted in Load AppArmor profiles being skipped.
Nov  3 14:52:18 DESKTOP-2PHB2EP kernel: [    0.000202] ACPI: SRAT: Node 0 PXM 0 [mem 0x100000000000-0x1fffffffffff] hotplug
Nov  3 14:52:18 DESKTOP-2PHB2EP systemd[1]: Starting Set console font and keymap...
Nov  3 14:52:18 DESKTOP-2PHB2EP kernel: [    0.000203] ACPI: SRAT: Node 0 PXM 0 [mem 0x200000000000-0x3fffffffffff] hotplug
Nov  3 14:52:18 DESKTOP-2PHB2EP systemd[1]: Starting Tell Plymouth To Write Out Runtime Data...
Nov  3 14:52:18 DESKTOP-2PHB2EP kernel: [    0.000203] ACPI: SRAT: Node 0 PXM 0 [mem 0x400000000000-0x7fffffffffff] hotplug
Nov  3 14:52:18 DESKTOP-2PHB2EP kernel: [    0.000204] ACPI: SRAT: Node 0 PXM 0 [mem 0x800000000000-0xffffffffffff] hotplug
Nov  3 14:52:18 DESKTOP-2PHB2EP systemd[1]: Condition check resulted in Load AppArmor profiles managed internally by snapd being skipped.
Nov  3 14:52:18 DESKTOP-2PHB2EP kernel: [    0.000204] ACPI: SRAT: Node 0 PXM 0 [mem 0x1000000000000-0x1ffffffffffff] hotplug
Nov  3 14:52:18 DESKTOP-2PHB2EP kernel: [    0.000205] ACPI: SRAT: Node 0 PXM 0 [mem 0x2000000000000-0x3ffffffffffff] hotplug
Nov  3 14:52:18 DESKTOP-2PHB2EP kernel: [    0.000205] ACPI: SRAT: Node 0 PXM 0 [mem 0x4000000000000-0x7ffffffffffff] hotplug
Nov  3 14:52:18 DESKTOP-2PHB2EP kernel: [    0.000206] ACPI: SRAT: Node 0 PXM 0 [mem 0x8000000000000-0xfffffffffffff] hotplug
Nov  3 14:52:18 DESKTOP-2PHB2EP kernel: [    0.000207] NUMA: Node 0 [mem 0x00000000-0xf7ffffff] + [mem 0x100000000-0x4005fffff] -> [mem 0x00000000-0x4005fffff]
Nov  3 14:52:18 DESKTOP-2PHB2EP kernel: [    0.000211] NODE_DATA(0) allocated [mem 0x4005dd000-0x4005fefff]
Nov  3 14:52:18 DESKTOP-2PHB2EP systemd[1]: Condition check resulted in Set Up Additional Binary Formats being skipped.
Nov  3 14:52:18 DESKTOP-2PHB2EP kernel: [    0.000253] Zone ranges:
Nov  3 14:52:18 DESKTOP-2PHB2EP kernel: [    0.000253]   DMA32    [mem 0x0000000000001000-0x00000000ffffffff]
Nov  3 14:52:18 DESKTOP-2PHB2EP kernel: [    0.000254]   Normal   [mem 0x0000000100000000-0x00000004005fffff]
Nov  3 14:52:18 DESKTOP-2PHB2EP kernel: [    0.000255]   Device   empty
Nov  3 14:52:18 DESKTOP-2PHB2EP systemd[1]: Condition check resulted in Store a System Token in an EFI Variable being skipped.
Nov  3 14:52:18 DESKTOP-2PHB2EP kernel: [    0.000256] Movable zone start for each node
Nov  3 14:52:18 DESKTOP-2PHB2EP kernel: [    0.000257] Early memory node ranges
Nov  3 14:52:18 DESKTOP-2PHB2EP kernel: [    0.000257]   node   0: [mem 0x0000000000001000-0x000000000009ffff]
Nov  3 14:52:18 DESKTOP-2PHB2EP systemd[1]: Condition check resulted in Commit a transient machine-id on disk being skipped.
Nov  3 14:52:18 DESKTOP-2PHB2EP kernel: [    0.000258]   node   0: [mem 0x0000000000200000-0x00000000f7ffffff]
Nov  3 14:52:18 DESKTOP-2PHB2EP kernel: [    0.000259]   node   0: [mem 0x0000000100000000-0x00000004005fffff]
Nov  3 14:52:18 DESKTOP-2PHB2EP kernel: [    0.000260] Initmem setup node 0 [mem 0x0000000000001000-0x00000004005fffff]
Nov  3 14:52:18 DESKTOP-2PHB2EP kernel: [    0.000275] On node 0, zone DMA32: 1 pages in unavailable ranges
Nov  3 14:52:18 DESKTOP-2PHB2EP kernel: [    0.014037] On node 0, zone DMA32: 352 pages in unavailable ranges
Nov  3 14:52:18 DESKTOP-2PHB2EP kernel: [    0.016214] On node 0, zone Normal: 31232 pages in unavailable ranges
Nov  3 14:52:18 DESKTOP-2PHB2EP systemd[1]: Starting Rule-based Manager for Device Events and Files...
Nov  3 14:52:18 DESKTOP-2PHB2EP kernel: [    0.016287] ACPI: PM-Timer IO Port: 0x408
Nov  3 14:52:18 DESKTOP-2PHB2EP kernel: [    0.016309] ACPI: LAPIC_NMI (acpi_id[0x01] dfl dfl lint[0x1])
Nov  3 14:52:18 DESKTOP-2PHB2EP kernel: [    0.016844] IOAPIC[0]: apic_id 20, version 17, address 0xfec00000, GSI 0-23
Nov  3 14:52:18 DESKTOP-2PHB2EP systemd[1]: Starting Uncomplicated firewall...
Nov  3 14:52:18 DESKTOP-2PHB2EP kernel: [    0.016848] ACPI: INT_SRC_OVR (bus 0 bus_irq 9 global_irq 9 high level)
Nov  3 14:52:18 DESKTOP-2PHB2EP kernel: [    0.016852] ACPI: Using ACPI (MADT) for SMP configuration information
Nov  3 14:52:18 DESKTOP-2PHB2EP kernel: [    0.016853] TSC deadline timer available
Nov  3 14:52:18 DESKTOP-2PHB2EP systemd[1]: Finished Flush Journal to Persistent Storage.
Nov  3 14:52:18 DESKTOP-2PHB2EP kernel: [    0.016854] smpboot: Allowing 20 CPUs, 0 hotplug CPUs
Nov  3 14:52:18 DESKTOP-2PHB2EP kernel: [    0.016859] PM: hibernation: Registered nosave memory: [mem 0x00000000-0x00000fff]
Nov  3 14:52:18 DESKTOP-2PHB2EP kernel: [    0.016860] PM: hibernation: Registered nosave memory: [mem 0x000a0000-0x000dffff]
Nov  3 14:52:18 DESKTOP-2PHB2EP kernel: [    0.016860] PM: hibernation: Registered nosave memory: [mem 0x000e0000-0x000e0fff]
Nov  3 14:52:18 DESKTOP-2PHB2EP kernel: [    0.016861] PM: hibernation: Registered nosave memory: [mem 0x000e1000-0x000fffff]
Nov  3 14:52:18 DESKTOP-2PHB2EP kernel: [    0.016861] PM: hibernation: Registered nosave memory: [mem 0x00100000-0x001fffff]
Nov  3 14:52:18 DESKTOP-2PHB2EP kernel: [    0.016862] PM: hibernation: Registered nosave memory: [mem 0xf8000000-0xffffffff]
Nov  3 14:52:18 DESKTOP-2PHB2EP systemd[1]: Finished Set console font and keymap.
Nov  3 14:52:18 DESKTOP-2PHB2EP kernel: [    0.016862] [mem 0xf8000000-0xffffffff] available for PCI devices
Nov  3 14:52:18 DESKTOP-2PHB2EP systemd[1]: Starting Create Volatile Files and Directories...
Nov  3 14:52:18 DESKTOP-2PHB2EP systemd[1]: Finished Uncomplicated firewall.
Nov  3 14:52:18 DESKTOP-2PHB2EP systemd[1]: Reached target Preparation for Network.
Nov  3 14:52:18 DESKTOP-2PHB2EP systemd[1]: Finished Coldplug All udev Devices.
Nov  3 14:52:18 DESKTOP-2PHB2EP systemd[1]: Finished Create Volatile Files and Directories.
Nov  3 14:52:18 DESKTOP-2PHB2EP systemd[1]: Starting Network Name Resolution...
Nov  3 14:52:18 DESKTOP-2PHB2EP systemd[1]: Starting Network Time Synchronization...
Nov  3 14:52:18 DESKTOP-2PHB2EP systemd[1]: Starting Record System Boot/Shutdown in UTMP...
Nov  3 14:52:18 DESKTOP-2PHB2EP systemd[1]: Condition check resulted in WSLg Remount Service being skipped.
Nov  3 14:52:18 DESKTOP-2PHB2EP systemd[1]: Finished Tell Plymouth To Write Out Runtime Data.
Nov  3 14:52:18 DESKTOP-2PHB2EP systemd[1]: Finished Record System Boot/Shutdown in UTMP.
Nov  3 14:52:18 DESKTOP-2PHB2EP systemd[1]: Started Rule-based Manager for Device Events and Files.
Nov  3 14:52:18 DESKTOP-2PHB2EP systemd[1]: Condition check resulted in Show Plymouth Boot Screen being skipped.
Nov  3 14:52:18 DESKTOP-2PHB2EP systemd[1]: Started Dispatch Password Requests to Console Directory Watch.
Nov  3 14:52:18 DESKTOP-2PHB2EP kernel: [    0.016863] Booting paravirtualized kernel on Hyper-V
Nov  3 14:52:18 DESKTOP-2PHB2EP systemd[1]: Condition check resulted in Forward Password Requests to Plymouth Directory Watch being skipped.
Nov  3 14:52:18 DESKTOP-2PHB2EP kernel: [    0.016864] clocksource: refined-jiffies: mask: 0xffffffff max_cycles: 0xffffffff, max_idle_ns: 7645519600211568 ns
Nov  3 14:52:18 DESKTOP-2PHB2EP kernel: [    0.016883] setup_percpu: NR_CPUS:8192 nr_cpumask_bits:20 nr_cpu_ids:20 nr_node_ids:1
Nov  3 14:52:18 DESKTOP-2PHB2EP kernel: [    0.018458] percpu: Embedded 63 pages/cpu s221184 r8192 d28672 u262144
Nov  3 14:52:18 DESKTOP-2PHB2EP kernel: [    0.018462] pcpu-alloc: s221184 r8192 d28672 u262144 alloc=1*2097152
Nov  3 14:52:18 DESKTOP-2PHB2EP systemd[1]: Reached target Local Encrypted Volumes.
Nov  3 14:52:18 DESKTOP-2PHB2EP systemd[1]: Starting Load Kernel Module configfs...
Nov  3 14:52:18 DESKTOP-2PHB2EP kernel: [    0.018463] pcpu-alloc: [0] 00 01 02 03 04 05 06 07 [0] 08 09 10 11 12 13 14 15 
Nov  3 14:52:18 DESKTOP-2PHB2EP kernel: [    0.018468] pcpu-alloc: [0] 16 17 18 19 -- -- -- -- 
Nov  3 14:52:18 DESKTOP-2PHB2EP kernel: [    0.018477] Hyper-V: PV spinlocks enabled
Nov  3 14:52:18 DESKTOP-2PHB2EP kernel: [    0.018478] PV qspinlock hash table entries: 256 (order: 0, 4096 bytes, linear)
Nov  3 14:52:18 DESKTOP-2PHB2EP systemd[1]: modprobe@configfs.service: Deactivated successfully.
Nov  3 14:52:18 DESKTOP-2PHB2EP kernel: [    0.018480] Kernel command line: initrd=\initrd.img WSL_ROOT_INIT=1 panic=-1 nr_cpus=20 hv_utils.timesync_implicit=1 console=hvc0 debug pty.legacy_count=0 WSL_ENABLE_CRASH_DUMP=1
Nov  3 14:52:18 DESKTOP-2PHB2EP kernel: [    0.018534] Unknown kernel command line parameters "WSL_ROOT_INIT=1 WSL_ENABLE_CRASH_DUMP=1", will be passed to user space.
Nov  3 14:52:18 DESKTOP-2PHB2EP kernel: [    0.018543] random: crng init done
Nov  3 14:52:18 DESKTOP-2PHB2EP kernel: [    0.022042] Dentry cache hash table entries: 2097152 (order: 12, 16777216 bytes, linear)
Nov  3 14:52:18 DESKTOP-2PHB2EP kernel: [    0.023829] Inode-cache hash table entries: 1048576 (order: 11, 8388608 bytes, linear)
Nov  3 14:52:18 DESKTOP-2PHB2EP kernel: [    0.024081] Fallback order for Node 0: 0 
Nov  3 14:52:18 DESKTOP-2PHB2EP kernel: [    0.024083] Built 1 zonelists, mobility grouping on.  Total pages: 4097000
Nov  3 14:52:18 DESKTOP-2PHB2EP kernel: [    0.024084] Policy zone: Normal
Nov  3 14:52:18 DESKTOP-2PHB2EP kernel: [    0.024088] mem auto-init: stack:off, heap alloc:on, heap free:off
Nov  3 14:52:18 DESKTOP-2PHB2EP kernel: [    0.024091] software IO TLB: area num 32.
Nov  3 14:52:18 DESKTOP-2PHB2EP systemd[1]: Finished Load Kernel Module configfs.
Nov  3 14:52:18 DESKTOP-2PHB2EP kernel: [    0.050712] Memory: 4074588K/16650876K available (20480K kernel code, 3457K rwdata, 13496K rodata, 4492K init, 6208K bss, 410932K reserved, 0K cma-reserved)
Nov  3 14:52:18 DESKTOP-2PHB2EP kernel: [    0.050851] SLUB: HWalign=64, Order=0-3, MinObjects=0, CPUs=20, Nodes=1
Nov  3 14:52:18 DESKTOP-2PHB2EP kernel: [    0.050879] ftrace: allocating 55808 entries in 218 pages
Nov  3 14:52:18 DESKTOP-2PHB2EP kernel: [    0.056121] ftrace: allocated 218 pages with 5 groups
Nov  3 14:52:18 DESKTOP-2PHB2EP kernel: [    0.056795] Dynamic Preempt: none
Nov  3 14:52:18 DESKTOP-2PHB2EP kernel: [    0.056864] rcu: Preemptible hierarchical RCU implementation.
Nov  3 14:52:18 DESKTOP-2PHB2EP kernel: [    0.056864] rcu: 	RCU restricting CPUs from NR_CPUS=8192 to nr_cpu_ids=20.
Nov  3 14:52:18 DESKTOP-2PHB2EP kernel: [    0.056865] 	Trampoline variant of Tasks RCU enabled.
Nov  3 14:52:18 DESKTOP-2PHB2EP kernel: [    0.056865] 	Rude variant of Tasks RCU enabled.
Nov  3 14:52:18 DESKTOP-2PHB2EP kernel: [    0.056866] 	Tracing variant of Tasks RCU enabled.
Nov  3 14:52:18 DESKTOP-2PHB2EP kernel: [    0.056866] rcu: RCU calculated value of scheduler-enlistment delay is 25 jiffies.
Nov  3 14:52:18 DESKTOP-2PHB2EP kernel: [    0.056866] rcu: Adjusting geometry for rcu_fanout_leaf=16, nr_cpu_ids=20
Nov  3 14:52:18 DESKTOP-2PHB2EP kernel: [    0.059154] Using NULL legacy PIC
Nov  3 14:52:18 DESKTOP-2PHB2EP kernel: [    0.059154] NR_IRQS: 524544, nr_irqs: 584, preallocated irqs: 0
Nov  3 14:52:18 DESKTOP-2PHB2EP kernel: [    0.059188] rcu: srcu_init: Setting srcu_struct sizes based on contention.
Nov  3 14:52:18 DESKTOP-2PHB2EP kernel: [    0.059524] Console: colour dummy device 80x25
Nov  3 14:52:18 DESKTOP-2PHB2EP kernel: [    0.059537] ACPI: Core revision 20230628
Nov  3 14:52:18 DESKTOP-2PHB2EP kernel: [    0.059591] Failed to register legacy timer interrupt
Nov  3 14:52:18 DESKTOP-2PHB2EP kernel: [    0.059592] APIC: Switch to symmetric I/O mode setup
Nov  3 14:52:18 DESKTOP-2PHB2EP kernel: [    0.060452] x2apic enabled
Nov  3 14:52:18 DESKTOP-2PHB2EP kernel: [    0.061310] APIC: Switched APIC routing to: physical x2apic
Nov  3 14:52:18 DESKTOP-2PHB2EP kernel: [    0.061312] Hyper-V: Host Build 10.0.26100.6899-6-0
Nov  3 14:52:18 DESKTOP-2PHB2EP kernel: [    0.061313] Hyper-V: enabling crash_kexec_post_notifiers
Nov  3 14:52:18 DESKTOP-2PHB2EP kernel: [    0.061355] Hyper-V: Disabling IBT because of Hyper-V bug
Nov  3 14:52:18 DESKTOP-2PHB2EP kernel: [    0.061356] Hyper-V: Using IPI hypercalls
Nov  3 14:52:18 DESKTOP-2PHB2EP kernel: [    0.061357] APIC: send_IPI() replaced with hv_send_ipi()
Nov  3 14:52:18 DESKTOP-2PHB2EP kernel: [    0.061360] APIC: send_IPI_mask() replaced with hv_send_ipi_mask()
Nov  3 14:52:18 DESKTOP-2PHB2EP kernel: [    0.061361] APIC: send_IPI_mask_allbutself() replaced with hv_send_ipi_mask_allbutself()
Nov  3 14:52:18 DESKTOP-2PHB2EP kernel: [    0.061362] APIC: send_IPI_allbutself() replaced with hv_send_ipi_allbutself()
Nov  3 14:52:18 DESKTOP-2PHB2EP kernel: [    0.061363] APIC: send_IPI_all() replaced with hv_send_ipi_all()
Nov  3 14:52:18 DESKTOP-2PHB2EP kernel: [    0.061364] APIC: send_IPI_self() replaced with hv_send_ipi_self()
Nov  3 14:52:18 DESKTOP-2PHB2EP kernel: [    0.061413] clocksource: tsc-early: mask: 0xffffffffffffffff max_cycles: 0x1e71785e5dd, max_idle_ns: 440795244814 ns
Nov  3 14:52:18 DESKTOP-2PHB2EP kernel: [    0.061417] Calibrating delay loop (skipped), value calculated using timer frequency.. 4224.00 BogoMIPS (lpj=8448000)
Nov  3 14:52:18 DESKTOP-2PHB2EP kernel: [    0.061478] x86/cpu: User Mode Instruction Prevention (UMIP) activated
Nov  3 14:52:18 DESKTOP-2PHB2EP kernel: [    0.061492] Last level iTLB entries: 4KB 0, 2MB 0, 4MB 0
Nov  3 14:52:18 DESKTOP-2PHB2EP kernel: [    0.061493] Last level dTLB entries: 4KB 0, 2MB 0, 4MB 0, 1GB 0
Nov  3 14:52:18 DESKTOP-2PHB2EP kernel: [    0.061495] Spectre V1 : Mitigation: usercopy/swapgs barriers and __user pointer sanitization
Nov  3 14:52:18 DESKTOP-2PHB2EP kernel: [    0.061497] Spectre V2 : Mitigation: Enhanced / Automatic IBRS
Nov  3 14:52:18 DESKTOP-2PHB2EP kernel: [    0.061497] Spectre V2 : Spectre v2 / SpectreRSB mitigation: Filling RSB on context switch
Nov  3 14:52:18 DESKTOP-2PHB2EP kernel: [    0.061498] Spectre V2 : Spectre v2 / PBRSB-eIBRS: Retire a single CALL on VMEXIT
Nov  3 14:52:18 DESKTOP-2PHB2EP kernel: [    0.061498] RETBleed: Mitigation: Enhanced IBRS
Nov  3 14:52:18 DESKTOP-2PHB2EP kernel: [    0.061499] Spectre V2 : mitigation: Enabling conditional Indirect Branch Prediction Barrier
Nov  3 14:52:18 DESKTOP-2PHB2EP kernel: [    0.061541] Speculative Store Bypass: Mitigation: Speculative Store Bypass disabled via prctl
Nov  3 14:52:18 DESKTOP-2PHB2EP kernel: [    0.061542] Register File Data Sampling: Vulnerable: No microcode
Nov  3 14:52:18 DESKTOP-2PHB2EP kernel: [    0.061552] x86/fpu: Supporting XSAVE feature 0x001: 'x87 floating point registers'
Nov  3 14:52:18 DESKTOP-2PHB2EP kernel: [    0.061553] x86/fpu: Supporting XSAVE feature 0x002: 'SSE registers'
Nov  3 14:52:18 DESKTOP-2PHB2EP kernel: [    0.061553] x86/fpu: Supporting XSAVE feature 0x004: 'AVX registers'
Nov  3 14:52:18 DESKTOP-2PHB2EP kernel: [    0.061554] x86/fpu: Supporting XSAVE feature 0x800: 'Control-flow User registers'
Nov  3 14:52:18 DESKTOP-2PHB2EP kernel: [    0.061554] x86/fpu: xstate_offset[2]:  576, xstate_sizes[2]:  256
Nov  3 14:52:18 DESKTOP-2PHB2EP kernel: [    0.061555] x86/fpu: xstate_offset[11]:  832, xstate_sizes[11]:   16
Nov  3 14:52:18 DESKTOP-2PHB2EP kernel: [    0.061555] x86/fpu: Enabled xstate features 0x807, context size is 848 bytes, using 'compacted' format.
Nov  3 14:52:18 DESKTOP-2PHB2EP kernel: [    0.065416] Freeing SMP alternatives memory: 44K
Nov  3 14:52:18 DESKTOP-2PHB2EP kernel: [    0.065416] pid_max: default: 32768 minimum: 301
Nov  3 14:52:18 DESKTOP-2PHB2EP kernel: [    0.065416] LSM: initializing lsm=capability,landlock,yama,safesetid,selinux,integrity
Nov  3 14:52:18 DESKTOP-2PHB2EP kernel: [    0.065416] landlock: Up and running.
Nov  3 14:52:18 DESKTOP-2PHB2EP kernel: [    0.065416] Yama: becoming mindful.
Nov  3 14:52:18 DESKTOP-2PHB2EP kernel: [    0.065416] SELinux:  Initializing.
Nov  3 14:52:18 DESKTOP-2PHB2EP kernel: [    0.065416] Mount-cache hash table entries: 32768 (order: 6, 262144 bytes, linear)
Nov  3 14:52:18 DESKTOP-2PHB2EP kernel: [    0.065416] Mountpoint-cache hash table entries: 32768 (order: 6, 262144 bytes, linear)
Nov  3 14:52:18 DESKTOP-2PHB2EP kernel: [    0.065416] smpboot: CPU0: 12th Gen Intel(R) Core(TM) i7-12700 (family: 0x6, model: 0x97, stepping: 0x2)
Nov  3 14:52:18 DESKTOP-2PHB2EP kernel: [    0.065416] RCU Tasks: Setting shift to 5 and lim to 1 rcu_task_cb_adjust=1 rcu_task_cpu_ids=20.
Nov  3 14:52:18 DESKTOP-2PHB2EP kernel: [    0.065416] RCU Tasks Rude: Setting shift to 5 and lim to 1 rcu_task_cb_adjust=1 rcu_task_cpu_ids=20.
Nov  3 14:52:18 DESKTOP-2PHB2EP kernel: [    0.065416] RCU Tasks Trace: Setting shift to 5 and lim to 1 rcu_task_cb_adjust=1 rcu_task_cpu_ids=20.
Nov  3 14:52:18 DESKTOP-2PHB2EP kernel: [    0.065416] Performance Events: unsupported p6 CPU model 151 no PMU driver, software events only.
Nov  3 14:52:18 DESKTOP-2PHB2EP kernel: [    0.065416] signal: max sigframe size: 1776
Nov  3 14:52:18 DESKTOP-2PHB2EP kernel: [    0.065416] rcu: Hierarchical SRCU implementation.
Nov  3 14:52:18 DESKTOP-2PHB2EP kernel: [    0.065416] rcu: 	Max phase no-delay instances is 1000.
Nov  3 14:52:18 DESKTOP-2PHB2EP kernel: [    0.065416] NMI watchdog: Perf NMI watchdog permanently disabled
Nov  3 14:52:18 DESKTOP-2PHB2EP kernel: [    0.065416] smp: Bringing up secondary CPUs ...
Nov  3 14:52:18 DESKTOP-2PHB2EP kernel: [    0.065416] smpboot: x86: Booting SMP configuration:
Nov  3 14:52:18 DESKTOP-2PHB2EP kernel: [    0.065416] .... node  #0, CPUs:        #2  #4  #6  #8 #10 #12 #14 #16 #18  #1  #3  #5  #7  #9 #11 #13 #15 #17 #19
Nov  3 14:52:18 DESKTOP-2PHB2EP kernel: [    0.069850] smp: Brought up 1 node, 20 CPUs
Nov  3 14:52:18 DESKTOP-2PHB2EP systemd[1]: Condition check resulted in Kernel Configuration File System being skipped.
Nov  3 14:52:18 DESKTOP-2PHB2EP kernel: [    0.069851] smpboot: Max logical packages: 1
Nov  3 14:52:18 DESKTOP-2PHB2EP kernel: [    0.069852] smpboot: Total of 20 processors activated (84480.00 BogoMIPS)
Nov  3 14:52:18 DESKTOP-2PHB2EP kernel: [    0.082208] node 0 deferred pages initialised in 16ms
Nov  3 14:52:18 DESKTOP-2PHB2EP kernel: [    0.086225] devtmpfs: initialized
Nov  3 14:52:18 DESKTOP-2PHB2EP kernel: [    0.086225] x86/mm: Memory block size: 128MB
Nov  3 14:52:18 DESKTOP-2PHB2EP kernel: [    0.086225] clocksource: jiffies: mask: 0xffffffff max_cycles: 0xffffffff, max_idle_ns: 7645041785100000 ns
Nov  3 14:52:18 DESKTOP-2PHB2EP kernel: [    0.086225] futex hash table entries: 8192 (order: 7, 524288 bytes, linear)
Nov  3 14:52:18 DESKTOP-2PHB2EP kernel: [    0.086225] pinctrl core: initialized pinctrl subsystem
Nov  3 14:52:18 DESKTOP-2PHB2EP kernel: [    0.086947] NET: Registered PF_NETLINK/PF_ROUTE protocol family
Nov  3 14:52:18 DESKTOP-2PHB2EP kernel: [    0.089442] DMA: preallocated 2048 KiB GFP_KERNEL pool for atomic allocations
Nov  3 14:52:18 DESKTOP-2PHB2EP kernel: [    0.089930] DMA: preallocated 2048 KiB GFP_KERNEL|GFP_DMA32 pool for atomic allocations
Nov  3 14:52:18 DESKTOP-2PHB2EP systemd-udevd[110]: Using default interface naming scheme 'v249'.
Nov  3 14:52:18 DESKTOP-2PHB2EP systemd[1]: Started Network Time Synchronization.
Nov  3 14:52:18 DESKTOP-2PHB2EP systemd[1]: Reached target System Initialization.
Nov  3 14:52:18 DESKTOP-2PHB2EP kernel: [    0.089943] audit: initializing netlink subsys (disabled)
Nov  3 14:52:18 DESKTOP-2PHB2EP kernel: [    0.089959] audit: type=2000 audit(1762149130.028:1): state=initialized audit_enabled=0 res=1
Nov  3 14:52:18 DESKTOP-2PHB2EP systemd-resolved[90]: Positive Trust Anchors:
Nov  3 14:52:18 DESKTOP-2PHB2EP systemd-resolved[90]: . IN DS 20326 8 2 e06d44b80b8f1d39a95c0b0d7c65d08458e880409bbc683457104237c7f8ec8d
Nov  3 14:52:18 DESKTOP-2PHB2EP kernel: [    0.089959] thermal_sys: Registered thermal governor 'step_wise'
Nov  3 14:52:18 DESKTOP-2PHB2EP kernel: [    0.089959] thermal_sys: Registered thermal governor 'user_space'
Nov  3 14:52:18 DESKTOP-2PHB2EP kernel: [    0.089959] cpuidle: using governor ladder
Nov  3 14:52:18 DESKTOP-2PHB2EP systemd-resolved[90]: Negative trust anchors: home.arpa 10.in-addr.arpa 16.172.in-addr.arpa 17.172.in-addr.arpa 18.172.in-addr.arpa 19.172.in-addr.arpa 20.172.in-addr.arpa 21.172.in-addr.arpa 22.172.in-addr.arpa 23.172.in-addr.arpa 24.172.in-addr.arpa 25.172.in-addr.arpa 26.172.in-addr.arpa 27.172.in-addr.arpa 28.172.in-addr.arpa 29.172.in-addr.arpa 30.172.in-addr.arpa 31.172.in-addr.arpa 168.192.in-addr.arpa d.f.ip6.arpa corp home internal intranet lan local private test
Nov  3 14:52:18 DESKTOP-2PHB2EP systemd[1]: Condition check resulted in Process error reports when automatic reporting is enabled (file watch) being skipped.
Nov  3 14:52:18 DESKTOP-2PHB2EP systemd[1]: Condition check resulted in Process error reports when automatic reporting is enabled (timer based) being skipped.
Nov  3 14:52:18 DESKTOP-2PHB2EP systemd[1]: Started Daily Cleanup of Temporary Directories.
Nov  3 14:52:18 DESKTOP-2PHB2EP systemd[1]: Condition check resulted in Ubuntu Pro Timer for running repeated jobs being skipped.
Nov  3 14:52:18 DESKTOP-2PHB2EP systemd[1]: Reached target Path Units.
Nov  3 14:52:18 DESKTOP-2PHB2EP systemd[1]: Reached target System Time Set.
Nov  3 14:52:18 DESKTOP-2PHB2EP systemd[1]: Started Daily apt download activities.
Nov  3 14:52:18 DESKTOP-2PHB2EP kernel: [    0.089959] cpuidle: using governor menu
Nov  3 14:52:18 DESKTOP-2PHB2EP kernel: [    0.089959] acpiphp: ACPI Hot Plug PCI Controller Driver version: 0.5
Nov  3 14:52:18 DESKTOP-2PHB2EP systemd[1]: Started Daily apt upgrade and clean activities.
Nov  3 14:52:18 DESKTOP-2PHB2EP kernel: [    0.089959] dca service started, version 1.12.1
Nov  3 14:52:18 DESKTOP-2PHB2EP kernel: [    0.089959] PCI: Fatal: No config space access function found
Nov  3 14:52:18 DESKTOP-2PHB2EP systemd[1]: Started Daily dpkg database backup timer.
Nov  3 14:52:18 DESKTOP-2PHB2EP kernel: [    0.090074] kprobes: kprobe jump-optimization is enabled. All kprobes are optimized if possible.
Nov  3 14:52:18 DESKTOP-2PHB2EP kernel: [    0.090086] HugeTLB: registered 1.00 GiB page size, pre-allocated 0 pages
Nov  3 14:52:18 DESKTOP-2PHB2EP kernel: [    0.090086] HugeTLB: 16380 KiB vmemmap can be freed for a 1.00 GiB page
Nov  3 14:52:18 DESKTOP-2PHB2EP kernel: [    0.090086] HugeTLB: registered 2.00 MiB page size, pre-allocated 0 pages
Nov  3 14:52:18 DESKTOP-2PHB2EP systemd[1]: Started Periodic ext4 Online Metadata Check for All Filesystems.
Nov  3 14:52:18 DESKTOP-2PHB2EP kernel: [    0.090086] HugeTLB: 28 KiB vmemmap can be freed for a 2.00 MiB page
Nov  3 14:52:18 DESKTOP-2PHB2EP kernel: [    0.090086] cryptd: max_cpu_qlen set to 1000
Nov  3 14:52:18 DESKTOP-2PHB2EP systemd[1]: Condition check resulted in Discard unused blocks once a week being skipped.
Nov  3 14:52:18 DESKTOP-2PHB2EP systemd[1]: Started Daily rotation of log files.
Nov  3 14:52:18 DESKTOP-2PHB2EP kernel: [    0.090086] ACPI: Added _OSI(Module Device)
Nov  3 14:52:18 DESKTOP-2PHB2EP kernel: [    0.090086] ACPI: Added _OSI(Processor Device)
Nov  3 14:52:18 DESKTOP-2PHB2EP kernel: [    0.090086] ACPI: Added _OSI(3.0 _SCP Extensions)
Nov  3 14:52:18 DESKTOP-2PHB2EP kernel: [    0.090086] ACPI: Added _OSI(Processor Aggregator Device)
Nov  3 14:52:18 DESKTOP-2PHB2EP kernel: [    0.091072] ACPI: 1 ACPI AML tables successfully acquired and loaded
Nov  3 14:52:18 DESKTOP-2PHB2EP kernel: [    0.093445] ACPI: _OSC evaluation for CPUs failed, trying _PDC
Nov  3 14:52:18 DESKTOP-2PHB2EP kernel: [    0.093529] ACPI: Interpreter enabled
Nov  3 14:52:18 DESKTOP-2PHB2EP systemd[1]: Started Daily man-db regeneration.
Nov  3 14:52:18 DESKTOP-2PHB2EP systemd[1]: Started Message of the Day.
Nov  3 14:52:18 DESKTOP-2PHB2EP kernel: [    0.093532] ACPI: PM: (supports S0 S5)
Nov  3 14:52:18 DESKTOP-2PHB2EP kernel: [    0.093532] ACPI: Using IOAPIC for interrupt routing
Nov  3 14:52:18 DESKTOP-2PHB2EP kernel: [    0.093539] PCI: Using host bridge windows from ACPI; if necessary, use "pci=nocrs" and report a bug
Nov  3 14:52:18 DESKTOP-2PHB2EP kernel: [    0.093539] PCI: Using E820 reservations for host bridge windows
Nov  3 14:52:18 DESKTOP-2PHB2EP systemd[1]: Condition check resulted in Timer to automatically fetch and run repair assertions being skipped.
Nov  3 14:52:18 DESKTOP-2PHB2EP kernel: [    0.093625] ACPI: Enabled 1 GPEs in block 00 to 0F
Nov  3 14:52:18 DESKTOP-2PHB2EP kernel: [    0.094357] iommu: Default domain type: Translated
Nov  3 14:52:18 DESKTOP-2PHB2EP systemd[1]: Reached target Timer Units.
Nov  3 14:52:18 DESKTOP-2PHB2EP kernel: [    0.094357] iommu: DMA domain TLB invalidation policy: lazy mode
Nov  3 14:52:18 DESKTOP-2PHB2EP kernel: [    0.094357] SCSI subsystem initialized
Nov  3 14:52:18 DESKTOP-2PHB2EP kernel: [    0.094357] libata version 3.00 loaded.
Nov  3 14:52:18 DESKTOP-2PHB2EP kernel: [    0.094357] pps_core: LinuxPPS API ver. 1 registered
Nov  3 14:52:18 DESKTOP-2PHB2EP systemd[1]: Listening on Unix socket for apport crash forwarding.
Nov  3 14:52:18 DESKTOP-2PHB2EP kernel: [    0.094357] pps_core: Software ver. 5.3.6 - Copyright 2005-2007 Rodolfo Giometti <giometti@linux.it>
Nov  3 14:52:18 DESKTOP-2PHB2EP kernel: [    0.094357] PTP clock support registered
Nov  3 14:52:18 DESKTOP-2PHB2EP systemd[1]: Listening on D-Bus System Message Bus Socket.
Nov  3 14:52:18 DESKTOP-2PHB2EP kernel: [    0.094357] EDAC MC: Ver: 3.0.0
Nov  3 14:52:18 DESKTOP-2PHB2EP kernel: [    0.109983] hv_vmbus: Vmbus version:5.3
Nov  3 14:52:18 DESKTOP-2PHB2EP kernel: [    0.109983] NetLabel: Initializing
Nov  3 14:52:18 DESKTOP-2PHB2EP systemd[1]: Starting Socket activation for snappy daemon...
Nov  3 14:52:18 DESKTOP-2PHB2EP kernel: [    0.109983] NetLabel:  domain hash size = 128
Nov  3 14:52:18 DESKTOP-2PHB2EP systemd[1]: Listening on UUID daemon activation socket.
Nov  3 14:52:18 DESKTOP-2PHB2EP kernel: [    0.109983] NetLabel:  protocols = UNLABELED CIPSOv4 CALIPSO
Nov  3 14:52:18 DESKTOP-2PHB2EP kernel: [    0.109989] NetLabel:  unlabeled traffic allowed by default
Nov  3 14:52:18 DESKTOP-2PHB2EP systemd-resolved[90]: Using system hostname 'DESKTOP-2PHB2EP'.
Nov  3 14:52:18 DESKTOP-2PHB2EP kernel: [    0.109990] PCI: Using ACPI for IRQ routing
Nov  3 14:52:18 DESKTOP-2PHB2EP kernel: [    0.109990] PCI: System does not support PCI
Nov  3 14:52:18 DESKTOP-2PHB2EP kernel: [    0.109999] vgaarb: loaded
Nov  3 14:52:18 DESKTOP-2PHB2EP systemd[1]: Listening on Socket activation for snappy daemon.
Nov  3 14:52:18 DESKTOP-2PHB2EP kernel: [    0.110102] hv_vmbus: Unknown GUID: 6e382d18-3336-4f4b-acc4-2b7703d4df4a
Nov  3 14:52:18 DESKTOP-2PHB2EP kernel: [    0.110113] hv_vmbus: Unknown GUID: dde9cbc0-5060-4436-9448-ea1254a5d177
Nov  3 14:52:18 DESKTOP-2PHB2EP kernel: [    0.110124] clocksource: Switched to clocksource tsc-early
Nov  3 14:52:18 DESKTOP-2PHB2EP kernel: [    0.110124] VFS: Disk quotas dquot_6.6.0
Nov  3 14:52:18 DESKTOP-2PHB2EP systemd[1]: Started Network Name Resolution.
Nov  3 14:52:18 DESKTOP-2PHB2EP kernel: [    0.110124] VFS: Dquot-cache hash table entries: 512 (order 0, 4096 bytes)
Nov  3 14:52:18 DESKTOP-2PHB2EP kernel: [    0.110124] FS-Cache: Loaded
Nov  3 14:52:18 DESKTOP-2PHB2EP systemd[1]: Reached target Host and Network Name Lookups.
Nov  3 14:52:18 DESKTOP-2PHB2EP kernel: [    0.110124] pnp: PnP ACPI init
Nov  3 14:52:18 DESKTOP-2PHB2EP kernel: [    0.110188] pnp: PnP ACPI: found 1 devices
Nov  3 14:52:18 DESKTOP-2PHB2EP kernel: [    0.117220] clocksource: acpi_pm: mask: 0xffffff max_cycles: 0xffffff, max_idle_ns: 2085701024 ns
Nov  3 14:52:18 DESKTOP-2PHB2EP kernel: [    0.117267] NET: Registered PF_INET protocol family
Nov  3 14:52:18 DESKTOP-2PHB2EP systemd[1]: Reached target Socket Units.
Nov  3 14:52:18 DESKTOP-2PHB2EP kernel: [    0.117751] IP idents hash table entries: 262144 (order: 9, 2097152 bytes, linear)
Nov  3 14:52:18 DESKTOP-2PHB2EP kernel: [    0.119244] tcp_listen_portaddr_hash hash table entries: 8192 (order: 5, 131072 bytes, linear)
Nov  3 14:52:18 DESKTOP-2PHB2EP kernel: [    0.119306] Table-perturb hash table entries: 65536 (order: 6, 262144 bytes, linear)
Nov  3 14:52:18 DESKTOP-2PHB2EP kernel: [    0.119547] TCP established hash table entries: 131072 (order: 8, 1048576 bytes, linear)
Nov  3 14:52:18 DESKTOP-2PHB2EP kernel: [    0.120067] TCP bind hash table entries: 65536 (order: 9, 2097152 bytes, linear)
Nov  3 14:52:18 DESKTOP-2PHB2EP kernel: [    0.120155] TCP: Hash tables configured (established 131072 bind 65536)
Nov  3 14:52:18 DESKTOP-2PHB2EP kernel: [    0.120267] UDP hash table entries: 8192 (order: 6, 262144 bytes, linear)
Nov  3 14:52:18 DESKTOP-2PHB2EP kernel: [    0.120336] UDP-Lite hash table entries: 8192 (order: 6, 262144 bytes, linear)
Nov  3 14:52:18 DESKTOP-2PHB2EP kernel: [    0.120401] NET: Registered PF_UNIX/PF_LOCAL protocol family
Nov  3 14:52:18 DESKTOP-2PHB2EP kernel: [    0.120404] NET: Registered PF_XDP protocol family
Nov  3 14:52:18 DESKTOP-2PHB2EP kernel: [    0.120406] PCI: CLS 0 bytes, default 64
Nov  3 14:52:18 DESKTOP-2PHB2EP kernel: [    0.120421] PCI-DMA: Using software bounce buffering for IO (SWIOTLB)
Nov  3 14:52:18 DESKTOP-2PHB2EP kernel: [    0.120421] software IO TLB: mapped [mem 0x00000000f4000000-0x00000000f8000000] (64MB)
Nov  3 14:52:18 DESKTOP-2PHB2EP kernel: [    0.120494] Trying to unpack rootfs image as initramfs...
Nov  3 14:52:18 DESKTOP-2PHB2EP kernel: [    0.122234] Freeing initrd memory: 2672K
Nov  3 14:52:18 DESKTOP-2PHB2EP kernel: [    0.122257] RAPL PMU: API unit is 2^-32 Joules, 0 fixed counters, 10737418240 ms ovfl timer
Nov  3 14:52:18 DESKTOP-2PHB2EP kernel: [    0.122266] clocksource: tsc: mask: 0xffffffffffffffff max_cycles: 0x1e71785e5dd, max_idle_ns: 440795244814 ns
Nov  3 14:52:18 DESKTOP-2PHB2EP kernel: [    0.122901] clocksource: Switched to clocksource tsc
Nov  3 14:52:18 DESKTOP-2PHB2EP kernel: [    0.123981] Initialise system trusted keyrings
Nov  3 14:52:18 DESKTOP-2PHB2EP kernel: [    0.123985] Key type blacklist registered
Nov  3 14:52:18 DESKTOP-2PHB2EP kernel: [    0.124089] workingset: timestamp_bits=36 max_order=22 bucket_order=0
Nov  3 14:52:18 DESKTOP-2PHB2EP kernel: [    0.124302] squashfs: version 4.0 (2009/01/31) Phillip Lougher
Nov  3 14:52:18 DESKTOP-2PHB2EP kernel: [    0.124310] fuse: init (API version 7.39)
Nov  3 14:52:18 DESKTOP-2PHB2EP kernel: [    0.124386] SGI XFS with ACLs, security attributes, realtime, verbose warnings, quota, no debug enabled
Nov  3 14:52:18 DESKTOP-2PHB2EP kernel: [    0.124605] 9p: Installing v9fs 9p2000 file system support
Nov  3 14:52:18 DESKTOP-2PHB2EP kernel: [    0.129670] Key type asymmetric registered
Nov  3 14:52:18 DESKTOP-2PHB2EP kernel: [    0.129671] Asymmetric key parser 'x509' registered
Nov  3 14:52:18 DESKTOP-2PHB2EP kernel: [    0.129679] Block layer SCSI generic (bsg) driver version 0.4 loaded (major 245)
Nov  3 14:52:18 DESKTOP-2PHB2EP kernel: [    0.129769] io scheduler mq-deadline registered
Nov  3 14:52:18 DESKTOP-2PHB2EP kernel: [    0.129770] io scheduler kyber registered
Nov  3 14:52:18 DESKTOP-2PHB2EP kernel: [    0.131702] hv_vmbus: registering driver hv_pci
Nov  3 14:52:18 DESKTOP-2PHB2EP kernel: [    0.132486] hv_pci c4b741f5-5582-4c98-8f8b-2e082933c396: PCI VMBus probing: Using version 0x10004
Nov  3 14:52:18 DESKTOP-2PHB2EP kernel: [    0.132987] hv_pci c4b741f5-5582-4c98-8f8b-2e082933c396: PCI host bridge to bus 5582:00
Nov  3 14:52:18 DESKTOP-2PHB2EP kernel: [    0.132988] pci_bus 5582:00: root bus resource [mem 0x9ffe00000-0x9ffe02fff window]
Nov  3 14:52:18 DESKTOP-2PHB2EP kernel: [    0.132989] pci_bus 5582:00: No busn resource found for root bus, will use [bus 00-ff]
Nov  3 14:52:18 DESKTOP-2PHB2EP kernel: [    0.133325] pci 5582:00:00.0: [1af4:1043] type 00 class 0x010000
Nov  3 14:52:18 DESKTOP-2PHB2EP kernel: [    0.133634] pci 5582:00:00.0: reg 0x10: [mem 0x9ffe00000-0x9ffe00fff 64bit]
Nov  3 14:52:18 DESKTOP-2PHB2EP kernel: [    0.133808] pci 5582:00:00.0: reg 0x18: [mem 0x9ffe01000-0x9ffe01fff 64bit]
Nov  3 14:52:18 DESKTOP-2PHB2EP kernel: [    0.134012] pci 5582:00:00.0: reg 0x20: [mem 0x9ffe02000-0x9ffe02fff 64bit]
Nov  3 14:52:18 DESKTOP-2PHB2EP kernel: [    0.137008] pci_bus 5582:00: busn_res: [bus 00-ff] end is updated to 00
Nov  3 14:52:18 DESKTOP-2PHB2EP kernel: [    0.137012] pci 5582:00:00.0: BAR 0: assigned [mem 0x9ffe00000-0x9ffe00fff 64bit]
Nov  3 14:52:18 DESKTOP-2PHB2EP kernel: [    0.137151] pci 5582:00:00.0: BAR 2: assigned [mem 0x9ffe01000-0x9ffe01fff 64bit]
Nov  3 14:52:18 DESKTOP-2PHB2EP kernel: [    0.137293] pci 5582:00:00.0: BAR 4: assigned [mem 0x9ffe02000-0x9ffe02fff 64bit]
Nov  3 14:52:18 DESKTOP-2PHB2EP kernel: [    0.137694] hv_pci f297652e-bafe-4a21-9cc2-79e83b20fe7b: PCI VMBus probing: Using version 0x10004
Nov  3 14:52:18 DESKTOP-2PHB2EP kernel: [    0.138027] hv_pci f297652e-bafe-4a21-9cc2-79e83b20fe7b: PCI host bridge to bus bafe:00
Nov  3 14:52:18 DESKTOP-2PHB2EP kernel: [    0.138028] pci_bus bafe:00: No busn resource found for root bus, will use [bus 00-ff]
Nov  3 14:52:18 DESKTOP-2PHB2EP kernel: [    0.138174] pci bafe:00:00.0: [1414:008e] type 00 class 0x030200
Nov  3 14:52:18 DESKTOP-2PHB2EP kernel: [    0.142300] pci_bus bafe:00: busn_res: [bus 00-ff] end is updated to 00
Nov  3 14:52:18 DESKTOP-2PHB2EP kernel: [    0.142708] ioatdma: Intel(R) QuickData Technology Driver 5.00
Nov  3 14:52:18 DESKTOP-2PHB2EP kernel: [    0.142775] virtio-pci 5582:00:00.0: enabling device (0000 -> 0002)
Nov  3 14:52:18 DESKTOP-2PHB2EP kernel: [    0.144799] Serial: 8250/16550 driver, 8 ports, IRQ sharing enabled
Nov  3 14:52:18 DESKTOP-2PHB2EP kernel: [    0.175260] Linux agpgart interface v0.103
Nov  3 14:52:18 DESKTOP-2PHB2EP kernel: [    0.175276] AMD-Vi: AMD IOMMUv2 functionality not available on this system - This is not a bug.
Nov  3 14:52:18 DESKTOP-2PHB2EP kernel: [    0.175282] ACPI: bus type drm_connector registered
Nov  3 14:52:18 DESKTOP-2PHB2EP kernel: [    0.177449] printk: console [hvc0] enabled
Nov  3 14:52:18 DESKTOP-2PHB2EP kernel: [    0.179013] brd: module loaded
Nov  3 14:52:18 DESKTOP-2PHB2EP kernel: [    0.180672] loop: module loaded
Nov  3 14:52:18 DESKTOP-2PHB2EP kernel: [    0.180993] Loading iSCSI transport class v2.0-870.
Nov  3 14:52:18 DESKTOP-2PHB2EP kernel: [    0.181518] rdac: device handler registered
Nov  3 14:52:18 DESKTOP-2PHB2EP kernel: [    0.181804] Microchip SmartPQI Driver (v2.1.24-046)
Nov  3 14:52:18 DESKTOP-2PHB2EP kernel: [    0.182058] VMware PVSCSI driver - version 1.0.7.0-k
Nov  3 14:52:18 DESKTOP-2PHB2EP kernel: [    0.182286] hv_vmbus: registering driver hv_storvsc
Nov  3 14:52:18 DESKTOP-2PHB2EP kernel: [    0.182977] PPP generic driver version 2.4.2
Nov  3 14:52:18 DESKTOP-2PHB2EP kernel: [    0.183272] VMware vmxnet3 virtual NIC driver - version 1.7.0.0-k-NAPI
Nov  3 14:52:18 DESKTOP-2PHB2EP kernel: [    0.183548] hv_vmbus: registering driver hv_netvsc
Nov  3 14:52:18 DESKTOP-2PHB2EP kernel: [    0.183738] scsi host0: storvsc_host_t
Nov  3 14:52:18 DESKTOP-2PHB2EP systemd[1]: Reached target Basic System.
Nov  3 14:52:18 DESKTOP-2PHB2EP kernel: [    0.183770] Fusion MPT base driver 3.04.20
Nov  3 14:52:18 DESKTOP-2PHB2EP kernel: [    0.184132] Copyright (c) 1999-2008 LSI Corporation
Nov  3 14:52:18 DESKTOP-2PHB2EP kernel: [    0.184344] Fusion MPT SPI Host driver 3.04.20
Nov  3 14:52:18 DESKTOP-2PHB2EP kernel: [    0.184566] Fusion MPT SAS Host driver 3.04.20
Nov  3 14:52:18 DESKTOP-2PHB2EP kernel: [    0.184787] Fusion MPT misc device (ioctl) driver 3.04.20
Nov  3 14:52:18 DESKTOP-2PHB2EP systemd[1]: Starting LSB: automatic crash report generation...
Nov  3 14:52:18 DESKTOP-2PHB2EP systemd[1]: Started Regular background program processing daemon.
Nov  3 14:52:18 DESKTOP-2PHB2EP systemd[1]: Started D-Bus System Message Bus.
Nov  3 14:52:18 DESKTOP-2PHB2EP cron[145]: (CRON) INFO (pidfile fd = 3)
Nov  3 14:52:18 DESKTOP-2PHB2EP cron[145]: (CRON) INFO (Running @reboot jobs)
Nov  3 14:52:18 DESKTOP-2PHB2EP systemd[1]: Started Save initial kernel messages after boot.
Nov  3 14:52:18 DESKTOP-2PHB2EP systemd[1]: Starting Remove Stale Online ext4 Metadata Check Snapshots...
Nov  3 14:52:18 DESKTOP-2PHB2EP systemd[1]: Condition check resulted in getty on tty2-tty6 if dbus and logind are not available being skipped.
Nov  3 14:52:18 DESKTOP-2PHB2EP systemd[1]: Condition check resulted in irqbalance daemon being skipped.
Nov  3 14:52:18 DESKTOP-2PHB2EP systemd[1]: Starting Landscape client daemons...
Nov  3 14:52:18 DESKTOP-2PHB2EP systemd[1]: Starting Dispatcher daemon for systemd-networkd...
Nov  3 14:52:18 DESKTOP-2PHB2EP kernel: [    0.185109] mptctl: Registered with Fusion MPT base driver
Nov  3 14:52:18 DESKTOP-2PHB2EP kernel: [    0.185377] mptctl: /dev/mptctl @ (major,minor=10,220)
Nov  3 14:52:18 DESKTOP-2PHB2EP systemd[1]: Starting System Logging Service...
Nov  3 14:52:18 DESKTOP-2PHB2EP kernel: [    0.185564] i8042: PNP: No PS/2 controller found.
Nov  3 14:52:18 DESKTOP-2PHB2EP kernel: [    0.185729] hv_vmbus: registering driver hyperv_keyboard
Nov  3 14:52:18 DESKTOP-2PHB2EP kernel: [    0.185995] rtc_cmos 00:00: RTC can wake from S4
Nov  3 14:52:18 DESKTOP-2PHB2EP kernel: [    0.187351] rtc_cmos 00:00: registered as rtc0
Nov  3 14:52:18 DESKTOP-2PHB2EP systemd[1]: Condition check resulted in Automatically repair incorrect owner/permissions on core devices being skipped.
Nov  3 14:52:18 DESKTOP-2PHB2EP kernel: [    0.187886] rtc_cmos 00:00: setting system clock to 2025-11-03T05:52:10 UTC (1762149130)
Nov  3 14:52:18 DESKTOP-2PHB2EP kernel: [    0.188612] rtc_cmos 00:00: alarms up to one month, 114 bytes nvram
Nov  3 14:52:18 DESKTOP-2PHB2EP kernel: [    0.188979] device-mapper: core: CONFIG_IMA_DISABLE_HTABLE is disabled. Duplicate IMA measurements will not be recorded in the IMA log.
Nov  3 14:52:18 DESKTOP-2PHB2EP kernel: [    0.189654] device-mapper: uevent: version 1.0.3
Nov  3 14:52:18 DESKTOP-2PHB2EP kernel: [    0.190041] device-mapper: ioctl: 4.48.0-ioctl (2023-03-01) initialised: dm-devel@redhat.com
Nov  3 14:52:18 DESKTOP-2PHB2EP systemd[1]: Condition check resulted in Wait for the Ubuntu Core chooser trigger being skipped.
Nov  3 14:52:18 DESKTOP-2PHB2EP systemd[1]: Reached target Preparation for Logins.
Nov  3 14:52:18 DESKTOP-2PHB2EP kernel: [    0.190672] intel_pstate: CPU model not supported
Nov  3 14:52:18 DESKTOP-2PHB2EP kernel: [    0.191021] hv_utils: Registering HyperV Utility Driver
Nov  3 14:52:18 DESKTOP-2PHB2EP kernel: [    0.191269] hv_vmbus: registering driver hv_utils
Nov  3 14:52:18 DESKTOP-2PHB2EP kernel: [    0.191564] hv_vmbus: registering driver hv_balloon
Nov  3 14:52:18 DESKTOP-2PHB2EP kernel: [    0.191929] hv_vmbus: registering driver dxgkrnl
Nov  3 14:52:18 DESKTOP-2PHB2EP systemd[1]: Starting Wait until snapd is fully seeded...
Nov  3 14:52:18 DESKTOP-2PHB2EP kernel: [    0.191943] hv_utils: TimeSync IC version 4.0
Nov  3 14:52:18 DESKTOP-2PHB2EP kernel: [    0.193702] hv_balloon: Using Dynamic Memory protocol version 2.0
Nov  3 14:52:18 DESKTOP-2PHB2EP kernel: [    0.194640] Free page reporting enabled
Nov  3 14:52:18 DESKTOP-2PHB2EP kernel: [    0.194980] hv_balloon: Cold memory discard hint enabled with order 9
Nov  3 14:52:18 DESKTOP-2PHB2EP kernel: [    0.195569] drop_monitor: Initializing network drop monitor service
Nov  3 14:52:18 DESKTOP-2PHB2EP systemd-udevd[111]: sdb: Process '/usr/bin/unshare -m /usr/bin/snap auto-import --mount=/dev/sdb' failed with exit code 1.
Nov  3 14:52:18 DESKTOP-2PHB2EP kernel: [    0.206227] NET: Registered PF_INET6 protocol family
Nov  3 14:52:18 DESKTOP-2PHB2EP kernel: [    0.207004] Segment Routing with IPv6
Nov  3 14:52:18 DESKTOP-2PHB2EP kernel: [    0.207335] In-situ OAM (IOAM) with IPv6
Nov  3 14:52:18 DESKTOP-2PHB2EP kernel: [    0.207652] NET: Registered PF_PACKET protocol family
Nov  3 14:52:18 DESKTOP-2PHB2EP kernel: [    0.208121] 9pnet: Installing 9P2000 support
Nov  3 14:52:18 DESKTOP-2PHB2EP systemd-udevd[95]: sda: Process '/usr/bin/unshare -m /usr/bin/snap auto-import --mount=/dev/sda' failed with exit code 1.
Nov  3 14:52:18 DESKTOP-2PHB2EP kernel: [    0.208577] NET: Registered PF_VSOCK protocol family
Nov  3 14:52:18 DESKTOP-2PHB2EP kernel: [    0.208965] hv_vmbus: registering driver hv_sock
Nov  3 14:52:18 DESKTOP-2PHB2EP kernel: [    0.210163] IPI shorthand broadcast: enabled
Nov  3 14:52:18 DESKTOP-2PHB2EP kernel: [    0.211399] AVX2 version of gcm_enc/dec engaged.
Nov  3 14:52:18 DESKTOP-2PHB2EP systemd[1]: Starting Snap Daemon...
Nov  3 14:52:18 DESKTOP-2PHB2EP kernel: [    0.212875] AES CTR mode by8 optimization enabled
Nov  3 14:52:18 DESKTOP-2PHB2EP kernel: [    0.214269] sched_clock: Marking stable (212012002, 1929034)->(230391619, -16450583)
Nov  3 14:52:18 DESKTOP-2PHB2EP kernel: [    0.215045] registered taskstats version 1
Nov  3 14:52:18 DESKTOP-2PHB2EP systemd[1]: Starting User Login Management...
Nov  3 14:52:18 DESKTOP-2PHB2EP systemd-udevd[105]: sdd: Process '/usr/bin/unshare -m /usr/bin/snap auto-import --mount=/dev/sdd' failed with exit code 1.
Nov  3 14:52:18 DESKTOP-2PHB2EP systemd-udevd[99]: sdc: Process '/usr/bin/unshare -m /usr/bin/snap auto-import --mount=/dev/sdc' failed with exit code 1.
Nov  3 14:52:18 DESKTOP-2PHB2EP kernel: [    0.215363] Loading compiled-in X.509 certificates
Nov  3 14:52:18 DESKTOP-2PHB2EP kernel: [    0.217034] ima: No TPM chip found, activating TPM-bypass!
Nov  3 14:52:18 DESKTOP-2PHB2EP systemd[1]: Starting Permit User Sessions...
Nov  3 14:52:18 DESKTOP-2PHB2EP kernel: [    0.217557] ima: Allocated hash algorithm: sha256
Nov  3 14:52:18 DESKTOP-2PHB2EP kernel: [    0.218148] ima: No architecture policies found
Nov  3 14:52:18 DESKTOP-2PHB2EP kernel: [    0.260071] RAS: Correctable Errors collector initialized.
Nov  3 14:52:18 DESKTOP-2PHB2EP kernel: [    0.260801] clk: Disabling unused clocks
Nov  3 14:52:18 DESKTOP-2PHB2EP systemd[1]: Condition check resulted in Ubuntu Pro reboot cmds being skipped.
Nov  3 14:52:18 DESKTOP-2PHB2EP systemd[1]: Condition check resulted in Ubuntu Pro Background Auto Attach being skipped.
Nov  3 14:52:18 DESKTOP-2PHB2EP kernel: [    0.265738] Freeing unused decrypted memory: 2028K
Nov  3 14:52:18 DESKTOP-2PHB2EP kernel: [    0.266545] Freeing unused kernel image (initmem) memory: 4492K
Nov  3 14:52:18 DESKTOP-2PHB2EP kernel: [    0.266693] Write protecting the kernel read-only data: 34816k
Nov  3 14:52:18 DESKTOP-2PHB2EP systemd[1]: e2scrub_reap.service: Deactivated successfully.
Nov  3 14:52:18 DESKTOP-2PHB2EP kernel: [    0.267545] Freeing unused kernel image (rodata/data gap) memory: 840K
Nov  3 14:52:18 DESKTOP-2PHB2EP kernel: [    0.267693] Run /init as init process
Nov  3 14:52:18 DESKTOP-2PHB2EP kernel: [    0.267776]   with arguments:
Nov  3 14:52:18 DESKTOP-2PHB2EP systemd[1]: Finished Remove Stale Online ext4 Metadata Check Snapshots.
Nov  3 14:52:18 DESKTOP-2PHB2EP kernel: [    0.267861]     /init
Nov  3 14:52:18 DESKTOP-2PHB2EP systemd[1]: Finished Permit User Sessions.
Nov  3 14:52:18 DESKTOP-2PHB2EP kernel: [    0.267917]   with environment:
Nov  3 14:52:18 DESKTOP-2PHB2EP kernel: [    0.267999]     HOME=/
Nov  3 14:52:18 DESKTOP-2PHB2EP kernel: [    0.268055]     TERM=linux
Nov  3 14:52:18 DESKTOP-2PHB2EP kernel: [    0.268110]     WSL_ROOT_INIT=1
Nov  3 14:52:18 DESKTOP-2PHB2EP rsyslogd: imuxsock: Acquired UNIX socket '/run/systemd/journal/syslog' (fd 3) from systemd.  [v8.2112.0]
Nov  3 14:52:18 DESKTOP-2PHB2EP kernel: [    0.268193]     WSL_ENABLE_CRASH_DUMP=1
Nov  3 14:52:18 DESKTOP-2PHB2EP kernel: [    0.278396] scsi 0:0:0:0: Direct-Access     Msft     Virtual Disk     1.0  PQ: 0 ANSI: 5
Nov  3 14:52:18 DESKTOP-2PHB2EP rsyslogd: rsyslogd's groupid changed to 111
Nov  3 14:52:18 DESKTOP-2PHB2EP rsyslogd: rsyslogd's userid changed to 104
Nov  3 14:52:18 DESKTOP-2PHB2EP kernel: [    0.279936] scsi 0:0:0:1: Direct-Access     Msft     Virtual Disk     1.0  PQ: 0 ANSI: 5
Nov  3 14:52:18 DESKTOP-2PHB2EP kernel: [    0.283632] sd 0:0:0:0: Attached scsi generic sg0 type 0
Nov  3 14:52:18 DESKTOP-2PHB2EP kernel: [    0.283762] sd 0:0:0:0: [sda] 795536 512-byte logical blocks: (407 MB/388 MiB)
Nov  3 14:52:18 DESKTOP-2PHB2EP kernel: [    0.283954] sd 0:0:0:1: Attached scsi generic sg1 type 0
Nov  3 14:52:18 DESKTOP-2PHB2EP rsyslogd: [origin software="rsyslogd" swVersion="8.2112.0" x-pid="153" x-info="https://www.rsyslog.com"] start
Nov  3 14:52:18 DESKTOP-2PHB2EP kernel: [    0.284084] sd 0:0:0:1: [sdb] 381016 512-byte logical blocks: (195 MB/186 MiB)
Nov  3 14:52:18 DESKTOP-2PHB2EP kernel: [    0.284086] sd 0:0:0:0: [sda] Write Protect is on
Nov  3 14:52:18 DESKTOP-2PHB2EP kernel: [    0.284087] sd 0:0:0:0: [sda] Mode Sense: 0f 00 80 00
Nov  3 14:52:18 DESKTOP-2PHB2EP kernel: [    0.284618] sd 0:0:0:1: [sdb] Write Protect is on
Nov  3 14:52:18 DESKTOP-2PHB2EP kernel: [    0.284752] sd 0:0:0:0: [sda] Write cache: disabled, read cache: enabled, doesn't support DPO or FUA
Nov  3 14:52:18 DESKTOP-2PHB2EP kernel: [    0.284990] sd 0:0:0:1: [sdb] Mode Sense: 0f 00 80 00
Nov  3 14:52:18 DESKTOP-2PHB2EP kernel: [    0.285240] sd 0:0:0:1: [sdb] Write cache: disabled, read cache: enabled, doesn't support DPO or FUA
Nov  3 14:52:18 DESKTOP-2PHB2EP kernel: [    0.285768] sd 0:0:0:0: [sda] Attached SCSI disk
Nov  3 14:52:18 DESKTOP-2PHB2EP kernel: [    0.286860] sd 0:0:0:1: [sdb] Attached SCSI disk
Nov  3 14:52:18 DESKTOP-2PHB2EP kernel: [    0.299139] scsi 0:0:0:2: Direct-Access     Msft     Virtual Disk     1.0  PQ: 0 ANSI: 5
Nov  3 14:52:18 DESKTOP-2PHB2EP kernel: [    0.302034] sd 0:0:0:2: Attached scsi generic sg2 type 0
Nov  3 14:52:18 DESKTOP-2PHB2EP kernel: [    0.302167] sd 0:0:0:2: [sdc] 8388616 512-byte logical blocks: (4.29 GB/4.00 GiB)
Nov  3 14:52:18 DESKTOP-2PHB2EP kernel: [    0.302473] sd 0:0:0:2: [sdc] 4096-byte physical blocks
Nov  3 14:52:18 DESKTOP-2PHB2EP kernel: [    0.302687] sd 0:0:0:2: [sdc] Write Protect is off
Nov  3 14:52:18 DESKTOP-2PHB2EP kernel: [    0.302863] sd 0:0:0:2: [sdc] Mode Sense: 0f 00 00 00
Nov  3 14:52:18 DESKTOP-2PHB2EP kernel: [    0.303109] sd 0:0:0:2: [sdc] Write cache: enabled, read cache: enabled, doesn't support DPO or FUA
Nov  3 14:52:18 DESKTOP-2PHB2EP kernel: [    0.304116] sd 0:0:0:2: [sdc] Attached SCSI disk
Nov  3 14:52:18 DESKTOP-2PHB2EP kernel: [    0.330122] EXT4-fs (sda): mounted filesystem 00000000-0000-0000-0000-000000000000 ro without journal. Quota mode: none.
Nov  3 14:52:18 DESKTOP-2PHB2EP kernel: [    0.334043] EXT4-fs (sdb): mounted filesystem 00000000-0000-0000-0000-000000000000 ro without journal. Quota mode: none.
Nov  3 14:52:18 DESKTOP-2PHB2EP kernel: [    0.346804] tun: Universal TUN/TAP device driver, 1.6
Nov  3 14:52:18 DESKTOP-2PHB2EP kernel: [    0.368533] bridge: filtering via arp/ip/ip6tables is no longer available by default. Update your scripts to load br_netfilter if you need this.
Nov  3 14:52:18 DESKTOP-2PHB2EP kernel: [    0.369730] Adding 4194304k swap on /dev/sdc.  Priority:-2 extents:1 across:4194304k 
Nov  3 14:52:18 DESKTOP-2PHB2EP kernel: [    0.371662] Bridge firewalling registered
Nov  3 14:52:18 DESKTOP-2PHB2EP kernel: [    1.406597] hv_pci d477115f-f6a5-41ee-9d5f-48caaf817315: PCI VMBus probing: Using version 0x10004
Nov  3 14:52:18 DESKTOP-2PHB2EP kernel: [    1.407766] hv_pci d477115f-f6a5-41ee-9d5f-48caaf817315: PCI host bridge to bus f6a5:00
Nov  3 14:52:18 DESKTOP-2PHB2EP kernel: [    1.408019] pci_bus f6a5:00: root bus resource [mem 0xc00000000-0xe00001fff window]
Nov  3 14:52:18 DESKTOP-2PHB2EP kernel: [    1.408222] pci_bus f6a5:00: No busn resource found for root bus, will use [bus 00-ff]
Nov  3 14:52:18 DESKTOP-2PHB2EP kernel: [    1.408860] pci f6a5:00:00.0: [1af4:105a] type 00 class 0x088000
Nov  3 14:52:18 DESKTOP-2PHB2EP kernel: [    1.409316] pci f6a5:00:00.0: reg 0x10: [mem 0xe00000000-0xe00000fff 64bit]
Nov  3 14:52:18 DESKTOP-2PHB2EP kernel: [    1.409679] pci f6a5:00:00.0: reg 0x18: [mem 0xe00001000-0xe00001fff 64bit]
Nov  3 14:52:18 DESKTOP-2PHB2EP kernel: [    1.410076] pci f6a5:00:00.0: reg 0x20: [mem 0xc00000000-0xdffffffff 64bit]
Nov  3 14:52:18 DESKTOP-2PHB2EP kernel: [    1.412094] pci_bus f6a5:00: busn_res: [bus 00-ff] end is updated to 00
Nov  3 14:52:18 DESKTOP-2PHB2EP kernel: [    1.412766] pci f6a5:00:00.0: BAR 4: assigned [mem 0xc00000000-0xdffffffff 64bit]
Nov  3 14:52:18 DESKTOP-2PHB2EP kernel: [    1.414681] pci f6a5:00:00.0: BAR 0: assigned [mem 0xe00000000-0xe00000fff 64bit]
Nov  3 14:52:18 DESKTOP-2PHB2EP kernel: [    1.416217] pci f6a5:00:00.0: BAR 2: assigned [mem 0xe00001000-0xe00001fff 64bit]
Nov  3 14:52:18 DESKTOP-2PHB2EP kernel: [    1.416685] virtio-pci f6a5:00:00.0: enabling device (0000 -> 0002)
Nov  3 14:52:18 DESKTOP-2PHB2EP kernel: [    1.423762] virtiofs virtio1: Cache len: 0x200000000 @ 0xc00000000
Nov  3 14:52:18 DESKTOP-2PHB2EP kernel: [    1.600265] scsi 0:0:0:3: Direct-Access     Msft     Virtual Disk     1.0  PQ: 0 ANSI: 5
Nov  3 14:52:18 DESKTOP-2PHB2EP kernel: [    1.603633] sd 0:0:0:3: Attached scsi generic sg3 type 0
Nov  3 14:52:18 DESKTOP-2PHB2EP kernel: [    1.603800] sd 0:0:0:3: [sdd] 2147483648 512-byte logical blocks: (1.10 TB/1.00 TiB)
Nov  3 14:52:18 DESKTOP-2PHB2EP kernel: [    1.605119] sd 0:0:0:3: [sdd] 4096-byte physical blocks
Nov  3 14:52:18 DESKTOP-2PHB2EP kernel: [    1.606408] sd 0:0:0:3: [sdd] Write Protect is off
Nov  3 14:52:18 DESKTOP-2PHB2EP kernel: [    1.607202] sd 0:0:0:3: [sdd] Mode Sense: 0f 00 00 00
Nov  3 14:52:18 DESKTOP-2PHB2EP kernel: [    1.607847] sd 0:0:0:3: [sdd] Write cache: enabled, read cache: enabled, doesn't support DPO or FUA
Nov  3 14:52:18 DESKTOP-2PHB2EP kernel: [    1.609266] sd 0:0:0:3: [sdd] Attached SCSI disk
Nov  3 14:52:18 DESKTOP-2PHB2EP kernel: [    1.775490] EXT4-fs (sdd): mounted filesystem 68b2d50e-451f-455e-a3b8-e3bed7b81420 r/w with ordered data mode. Quota mode: none.
Nov  3 14:52:18 DESKTOP-2PHB2EP kernel: [    6.398930] WSL (292) ERROR: CheckConnection: getaddrinfo() failed: -5
Nov  3 14:52:18 DESKTOP-2PHB2EP kernel: [    7.079498] EXT4-fs (sdd): unmounting filesystem 68b2d50e-451f-455e-a3b8-e3bed7b81420.
Nov  3 14:52:18 DESKTOP-2PHB2EP kernel: [    7.112962] EXT4-fs (sdd): mounted filesystem 68b2d50e-451f-455e-a3b8-e3bed7b81420 r/w with ordered data mode. Quota mode: none.
Nov  3 14:52:18 DESKTOP-2PHB2EP kernel: [    7.394661] pulseaudio[342]: memfd_create() called without MFD_EXEC or MFD_NOEXEC_SEAL set
Nov  3 14:52:18 DESKTOP-2PHB2EP kernel: [    7.468903] misc dxg: dxgk: dxgkio_is_feature_enabled: Ioctl failed: -22
Nov  3 14:52:18 DESKTOP-2PHB2EP kernel: [    7.471224] misc dxg: dxgk: dxgkio_query_adapter_info: Ioctl failed: -22
Nov  3 14:52:18 DESKTOP-2PHB2EP kernel: [    7.471778] misc dxg: dxgk: dxgkio_query_adapter_info: Ioctl failed: -22
Nov  3 14:52:18 DESKTOP-2PHB2EP kernel: [    7.472262] misc dxg: dxgk: dxgkio_query_adapter_info: Ioctl failed: -22
Nov  3 14:52:18 DESKTOP-2PHB2EP kernel: [    7.472822] misc dxg: dxgk: dxgkio_query_adapter_info: Ioctl failed: -2
Nov  3 14:52:18 DESKTOP-2PHB2EP kernel: [    7.836161] systemd-journald[61]: Received client request to flush runtime journal.
Nov  3 14:52:18 DESKTOP-2PHB2EP systemd[1]: Started System Logging Service.
Nov  3 14:52:18 DESKTOP-2PHB2EP systemd[1]: Starting Hold until boot process finishes up...
Nov  3 14:52:18 DESKTOP-2PHB2EP systemd[1]: Starting Terminate Plymouth Boot Screen...
Nov  3 14:52:18 DESKTOP-2PHB2EP systemd[1]: Finished Hold until boot process finishes up.
Nov  3 14:52:18 DESKTOP-2PHB2EP systemd[1]: Started LSB: automatic crash report generation.
Nov  3 14:52:18 DESKTOP-2PHB2EP systemd[1]: Started Console Getty.
Nov  3 14:52:18 DESKTOP-2PHB2EP systemd[1]: Starting Set console scheme...
Nov  3 14:52:18 DESKTOP-2PHB2EP systemd[1]: Finished Set console scheme.
Nov  3 14:52:18 DESKTOP-2PHB2EP systemd[1]: Created slice Slice /system/getty.
Nov  3 14:52:18 DESKTOP-2PHB2EP systemd[1]: Started Getty on tty1.
Nov  3 14:52:18 DESKTOP-2PHB2EP systemd[1]: Reached target Login Prompts.
Nov  3 14:52:18 DESKTOP-2PHB2EP systemd[1]: Finished Terminate Plymouth Boot Screen.
Nov  3 14:52:18 DESKTOP-2PHB2EP snapd[159]: overlord.go:274: Acquiring state lock file
Nov  3 14:52:18 DESKTOP-2PHB2EP snapd[159]: overlord.go:279: Acquired state lock file
Nov  3 14:52:18 DESKTOP-2PHB2EP systemd[1]: Started User Login Management.
Nov  3 14:52:18 DESKTOP-2PHB2EP systemd[1]: Started Unattended Upgrades Shutdown.
Nov  3 14:52:18 DESKTOP-2PHB2EP snapd[159]: daemon.go:250: started snapd/2.66.1+22.04 (series 16; classic; devmode; wsl) ubuntu/22.04 (amd64) linux/6.6.87.2-microsoft-standa.
Nov  3 14:52:18 DESKTOP-2PHB2EP networkd-dispatcher[152]: No valid path found for iwconfig
Nov  3 14:52:18 DESKTOP-2PHB2EP networkd-dispatcher[152]: No valid path found for iw
Nov  3 14:52:18 DESKTOP-2PHB2EP dbus-daemon[147]: [system] Activating via systemd: service name='org.freedesktop.network1' unit='dbus-org.freedesktop.network1.service' requested by ':1.4' (uid=0 pid=233 comm="/usr/bin/networkctl list --no-pager --no-legend " label="kernel")
Nov  3 14:52:18 DESKTOP-2PHB2EP dbus-daemon[147]: [system] Activation via systemd failed for unit 'dbus-org.freedesktop.network1.service': Unit dbus-org.freedesktop.network1.service not found.
Nov  3 14:52:18 DESKTOP-2PHB2EP networkd-dispatcher[233]: WARNING: systemd-networkd is not running, output will be incomplete.
Nov  3 14:52:18 DESKTOP-2PHB2EP networkd-dispatcher[152]: ERROR:Unknown state for interface NetworkctlListState(idx=1, name='lo', type='loopback', operational='n/a', administrative='unmanaged'): n/a
Nov  3 14:52:18 DESKTOP-2PHB2EP networkd-dispatcher[152]: Traceback (most recent call last):
Nov  3 14:52:18 DESKTOP-2PHB2EP networkd-dispatcher[152]:   File "/usr/bin/networkd-dispatcher", line 298, in trigger_all
Nov  3 14:52:18 DESKTOP-2PHB2EP networkd-dispatcher[152]:     self.handle_state(iface_name,
Nov  3 14:52:18 DESKTOP-2PHB2EP networkd-dispatcher[152]:   File "/usr/bin/networkd-dispatcher", line 348, in handle_state
Nov  3 14:52:18 DESKTOP-2PHB2EP networkd-dispatcher[152]:     raise UnknownState(operational_state)
Nov  3 14:52:18 DESKTOP-2PHB2EP networkd-dispatcher[152]: UnknownState: n/a
Nov  3 14:52:18 DESKTOP-2PHB2EP networkd-dispatcher[152]: ERROR:Unknown state for interface NetworkctlListState(idx=2, name='eth0', type='ether', operational='n/a', administrative='unmanaged'): n/a
Nov  3 14:52:18 DESKTOP-2PHB2EP networkd-dispatcher[152]: Traceback (most recent call last):
Nov  3 14:52:18 DESKTOP-2PHB2EP networkd-dispatcher[152]:   File "/usr/bin/networkd-dispatcher", line 298, in trigger_all
Nov  3 14:52:18 DESKTOP-2PHB2EP networkd-dispatcher[152]:     self.handle_state(iface_name,
Nov  3 14:52:18 DESKTOP-2PHB2EP networkd-dispatcher[152]:   File "/usr/bin/networkd-dispatcher", line 348, in handle_state
Nov  3 14:52:18 DESKTOP-2PHB2EP networkd-dispatcher[152]:     raise UnknownState(operational_state)
Nov  3 14:52:18 DESKTOP-2PHB2EP networkd-dispatcher[152]: UnknownState: n/a
Nov  3 14:52:18 DESKTOP-2PHB2EP systemd[1]: Started Dispatcher daemon for systemd-networkd.
Nov  3 14:52:18 DESKTOP-2PHB2EP systemd[1]: tmp-syscheck\x2dmountpoint\x2d2854564064.mount: Deactivated successfully.
Nov  3 14:52:18 DESKTOP-2PHB2EP snapd[159]: daemon.go:353: adjusting startup timeout by 30s (pessimistic estimate of 30s plus 5s per snap)
Nov  3 14:52:18 DESKTOP-2PHB2EP snapd[159]: backends.go:58: AppArmor status: apparmor not enabled
Nov  3 14:52:18 DESKTOP-2PHB2EP snapd[159]: helpers.go:160: error trying to compare the snap system key: system-key missing on disk
Nov  3 14:52:18 DESKTOP-2PHB2EP kernel: [    8.089853] kvm_intel: Using Hyper-V Enlightened VMCS
Nov  3 14:52:18 DESKTOP-2PHB2EP systemd[1]: Started Snap Daemon.
Nov  3 14:52:18 DESKTOP-2PHB2EP systemd-resolved[90]: Clock change detected. Flushing caches.
Nov  3 14:52:18 DESKTOP-2PHB2EP systemd-timesyncd[91]: Initial synchronization to time server 185.125.190.57:123 (ntp.ubuntu.com).
Nov  3 14:52:18 DESKTOP-2PHB2EP kernel: [    8.202426] intel_rapl_msr: PL4 support detected.
Nov  3 14:52:18 DESKTOP-2PHB2EP dbus-daemon[147]: [system] Activating via systemd: service name='org.freedesktop.timedate1' unit='dbus-org.freedesktop.timedate1.service' requested by ':1.7' (uid=0 pid=159 comm="/usr/lib/snapd/snapd " label="kernel")
Nov  3 14:52:18 DESKTOP-2PHB2EP systemd[1]: Starting Time & Date Service...
Nov  3 14:52:18 DESKTOP-2PHB2EP dbus-daemon[147]: [system] Successfully activated service 'org.freedesktop.timedate1'
Nov  3 14:52:18 DESKTOP-2PHB2EP systemd[1]: Started Time & Date Service.
Nov  3 14:52:18 DESKTOP-2PHB2EP landscape-config[151]: Registered:    False
Nov  3 14:52:18 DESKTOP-2PHB2EP landscape-config[151]: Config Path:   /etc/landscape/client.conf
Nov  3 14:52:18 DESKTOP-2PHB2EP landscape-config[151]: Data Path      /var/lib/landscape/client
Nov  3 14:52:18 DESKTOP-2PHB2EP systemd[1]: landscape-client.service: Skipped due to 'exec-condition'.
Nov  3 14:52:18 DESKTOP-2PHB2EP systemd[1]: Condition check resulted in Landscape client daemons being skipped.
Nov  3 14:52:18 DESKTOP-2PHB2EP kernel: [    8.907390] TCP: eth0: Driver has suspect GRO implementation, TCP performance may be compromised.
Nov  3 14:52:20 DESKTOP-2PHB2EP systemd[1]: Finished Wait until snapd is fully seeded.
Nov  3 14:52:20 DESKTOP-2PHB2EP systemd[1]: Condition check resulted in Auto import assertions from block devices being skipped.
Nov  3 14:52:20 DESKTOP-2PHB2EP systemd[1]: Reached target Multi-User System.
Nov  3 14:52:20 DESKTOP-2PHB2EP systemd[1]: Reached target Graphical Interface.
Nov  3 14:52:20 DESKTOP-2PHB2EP systemd[1]: Starting Record Runlevel Change in UTMP...
Nov  3 14:52:20 DESKTOP-2PHB2EP systemd[1]: systemd-update-utmp-runlevel.service: Deactivated successfully.
Nov  3 14:52:20 DESKTOP-2PHB2EP systemd[1]: Finished Record Runlevel Change in UTMP.
Nov  3 14:52:20 DESKTOP-2PHB2EP systemd[1]: Startup finished in 3.116s.
Nov  3 14:52:20 DESKTOP-2PHB2EP systemd[1]: dmesg.service: Deactivated successfully.
Nov  3 14:52:20 DESKTOP-2PHB2EP systemd[1]: Created slice User Slice of UID 0.
Nov  3 14:52:20 DESKTOP-2PHB2EP systemd[1]: Starting User Runtime Directory /run/user/0...
Nov  3 14:52:20 DESKTOP-2PHB2EP systemd[1]: Finished User Runtime Directory /run/user/0.
Nov  3 14:52:20 DESKTOP-2PHB2EP systemd[1]: Starting User Manager for UID 0...
Nov  3 14:52:20 DESKTOP-2PHB2EP systemd[371]: Queued start job for default target Main User Target.
Nov  3 14:52:20 DESKTOP-2PHB2EP systemd[371]: Created slice User Application Slice.
Nov  3 14:52:20 DESKTOP-2PHB2EP systemd[371]: Reached target Paths.
Nov  3 14:52:20 DESKTOP-2PHB2EP systemd[371]: Reached target Timers.
Nov  3 14:52:20 DESKTOP-2PHB2EP systemd[371]: Listening on GnuPG network certificate management daemon.
Nov  3 14:52:20 DESKTOP-2PHB2EP systemd[371]: Listening on GnuPG cryptographic agent and passphrase cache (access for web browsers).
Nov  3 14:52:20 DESKTOP-2PHB2EP systemd[371]: Listening on GnuPG cryptographic agent and passphrase cache (restricted).
Nov  3 14:52:20 DESKTOP-2PHB2EP systemd[371]: Listening on GnuPG cryptographic agent (ssh-agent emulation).
Nov  3 14:52:20 DESKTOP-2PHB2EP systemd[371]: Listening on GnuPG cryptographic agent and passphrase cache.
Nov  3 14:52:20 DESKTOP-2PHB2EP systemd[371]: Listening on debconf communication socket.
Nov  3 14:52:20 DESKTOP-2PHB2EP systemd[371]: Listening on REST API socket for snapd user session agent.
Nov  3 14:52:20 DESKTOP-2PHB2EP systemd[371]: Reached target Sockets.
Nov  3 14:52:20 DESKTOP-2PHB2EP systemd[371]: Reached target Basic System.
Nov  3 14:52:20 DESKTOP-2PHB2EP systemd[371]: Reached target Main User Target.
Nov  3 14:52:20 DESKTOP-2PHB2EP systemd[1]: Started User Manager for UID 0.
Nov  3 14:52:20 DESKTOP-2PHB2EP systemd[1]: Started Session 1 of User root.
Nov  3 14:52:20 DESKTOP-2PHB2EP systemd[371]: Starting WSLg user service...
Nov  3 14:52:20 DESKTOP-2PHB2EP systemd[371]: Finished WSLg user service.
Nov  3 14:52:20 DESKTOP-2PHB2EP systemd[371]: Startup finished in 42ms.
Nov  3 14:52:23 DESKTOP-2PHB2EP snapd[159]: daemon.go:548: gracefully waiting for running hooks
Nov  3 14:52:23 DESKTOP-2PHB2EP snapd[159]: daemon.go:550: done waiting for running hooks
Nov  3 14:52:26 DESKTOP-2PHB2EP snapd[159]: overlord.go:518: Released state lock file
Nov  3 14:52:26 DESKTOP-2PHB2EP snapd[159]: daemon stop requested to wait for socket activation
Nov  3 14:52:26 DESKTOP-2PHB2EP systemd[1]: snapd.service: Deactivated successfully.
Nov  3 14:52:42 DESKTOP-2PHB2EP systemd[1]: Mounted FUSE Control File System.
Nov  3 14:52:42 DESKTOP-2PHB2EP kernel: [   26.428570] EXT4-fs (sdd): unmounting filesystem 68b2d50e-451f-455e-a3b8-e3bed7b81420.
Nov  3 14:52:42 DESKTOP-2PHB2EP systemd[1]: Starting Flush Journal to Persistent Storage...
Nov  3 14:52:42 DESKTOP-2PHB2EP systemd[1]: Finished Set the console keyboard layout.
Nov  3 14:52:42 DESKTOP-2PHB2EP kernel: [   32.613951] EXT4-fs (sdd): mounted filesystem 68b2d50e-451f-455e-a3b8-e3bed7b81420 r/w with ordered data mode. Quota mode: none.
Nov  3 14:52:42 DESKTOP-2PHB2EP systemd[1]: Finished Create System Users.
Nov  3 14:52:42 DESKTOP-2PHB2EP kernel: [   32.734963] misc dxg: dxgk: dxgkio_is_feature_enabled: Ioctl failed: -22
Nov  3 14:52:42 DESKTOP-2PHB2EP kernel: [   32.736607] misc dxg: dxgk: dxgkio_query_adapter_info: Ioctl failed: -22
Nov  3 14:52:42 DESKTOP-2PHB2EP kernel: [   32.736899] misc dxg: dxgk: dxgkio_query_adapter_info: Ioctl failed: -22
Nov  3 14:52:42 DESKTOP-2PHB2EP kernel: [   32.737404] misc dxg: dxgk: dxgkio_query_adapter_info: Ioctl failed: -22
Nov  3 14:52:42 DESKTOP-2PHB2EP kernel: [   32.738094] misc dxg: dxgk: dxgkio_query_adapter_info: Ioctl failed: -2
Nov  3 14:52:42 DESKTOP-2PHB2EP systemd[1]: Starting Create Static Device Nodes in /dev...
Nov  3 14:52:42 DESKTOP-2PHB2EP systemd[1]: Finished Create Static Device Nodes in /dev.
Nov  3 14:52:42 DESKTOP-2PHB2EP kernel: [   32.957907] systemd-journald[58]: Received client request to flush runtime journal.
Nov  3 14:52:42 DESKTOP-2PHB2EP kernel: [   32.968075] systemd-journald[58]: File /var/log/journal/5671c1b2288147f38daf07b47fc03963/system.journal corrupted or uncleanly shut down, renaming and replacing.
Nov  3 14:52:42 DESKTOP-2PHB2EP systemd[1]: Reached target Preparation for Local File Systems.
Nov  3 14:52:42 DESKTOP-2PHB2EP systemd[1]: Reached target Local File Systems.
Nov  3 14:52:42 DESKTOP-2PHB2EP systemd[1]: Condition check resulted in Load AppArmor profiles being skipped.
Nov  3 14:52:42 DESKTOP-2PHB2EP systemd[1]: Starting Set console font and keymap...
Nov  3 14:52:42 DESKTOP-2PHB2EP systemd[1]: Starting Tell Plymouth To Write Out Runtime Data...
Nov  3 14:52:42 DESKTOP-2PHB2EP systemd[1]: Condition check resulted in Load AppArmor profiles managed internally by snapd being skipped.
Nov  3 14:52:42 DESKTOP-2PHB2EP systemd[1]: Condition check resulted in Set Up Additional Binary Formats being skipped.
Nov  3 14:52:42 DESKTOP-2PHB2EP systemd[1]: Condition check resulted in Store a System Token in an EFI Variable being skipped.
Nov  3 14:52:42 DESKTOP-2PHB2EP systemd[1]: Condition check resulted in Commit a transient machine-id on disk being skipped.
Nov  3 14:52:42 DESKTOP-2PHB2EP systemd[1]: Starting Rule-based Manager for Device Events and Files...
Nov  3 14:52:42 DESKTOP-2PHB2EP systemd[1]: Starting Uncomplicated firewall...
Nov  3 14:52:42 DESKTOP-2PHB2EP systemd[1]: Finished Coldplug All udev Devices.
Nov  3 14:52:42 DESKTOP-2PHB2EP systemd[1]: Finished Set console font and keymap.
Nov  3 14:52:42 DESKTOP-2PHB2EP systemd[1]: Finished Uncomplicated firewall.
Nov  3 14:52:42 DESKTOP-2PHB2EP systemd[1]: Reached target Preparation for Network.
Nov  3 14:52:42 DESKTOP-2PHB2EP systemd[1]: Finished Tell Plymouth To Write Out Runtime Data.
Nov  3 14:52:42 DESKTOP-2PHB2EP systemd[1]: Finished Flush Journal to Persistent Storage.
Nov  3 14:52:42 DESKTOP-2PHB2EP systemd[1]: Starting Create Volatile Files and Directories...
Nov  3 14:52:42 DESKTOP-2PHB2EP systemd[1]: Started Rule-based Manager for Device Events and Files.
Nov  3 14:52:42 DESKTOP-2PHB2EP systemd[1]: Condition check resulted in Show Plymouth Boot Screen being skipped.
Nov  3 14:52:42 DESKTOP-2PHB2EP systemd[1]: Started Dispatch Password Requests to Console Directory Watch.
Nov  3 14:52:42 DESKTOP-2PHB2EP systemd[1]: Condition check resulted in Forward Password Requests to Plymouth Directory Watch being skipped.
Nov  3 14:52:42 DESKTOP-2PHB2EP systemd[1]: Reached target Local Encrypted Volumes.
Nov  3 14:52:42 DESKTOP-2PHB2EP systemd[1]: Finished Create Volatile Files and Directories.
Nov  3 14:52:42 DESKTOP-2PHB2EP systemd[1]: Starting Network Name Resolution...
Nov  3 14:52:42 DESKTOP-2PHB2EP systemd[1]: Starting Network Time Synchronization...
Nov  3 14:52:42 DESKTOP-2PHB2EP systemd[1]: Starting Record System Boot/Shutdown in UTMP...
Nov  3 14:52:42 DESKTOP-2PHB2EP systemd[1]: Condition check resulted in WSLg Remount Service being skipped.
Nov  3 14:52:42 DESKTOP-2PHB2EP systemd[1]: Starting Load Kernel Module configfs...
Nov  3 14:52:42 DESKTOP-2PHB2EP systemd[1]: Finished Record System Boot/Shutdown in UTMP.
Nov  3 14:52:42 DESKTOP-2PHB2EP systemd[1]: modprobe@configfs.service: Deactivated successfully.
Nov  3 14:52:42 DESKTOP-2PHB2EP systemd[1]: Finished Load Kernel Module configfs.
Nov  3 14:52:42 DESKTOP-2PHB2EP systemd[1]: Condition check resulted in Kernel Configuration File System being skipped.
Nov  3 14:52:42 DESKTOP-2PHB2EP systemd-udevd[111]: Using default interface naming scheme 'v249'.
Nov  3 14:52:42 DESKTOP-2PHB2EP systemd[1]: Started Network Time Synchronization.
Nov  3 14:52:42 DESKTOP-2PHB2EP systemd[1]: Reached target System Initialization.
Nov  3 14:52:42 DESKTOP-2PHB2EP systemd[1]: Condition check resulted in Process error reports when automatic reporting is enabled (file watch) being skipped.
Nov  3 14:52:42 DESKTOP-2PHB2EP systemd[1]: Condition check resulted in Process error reports when automatic reporting is enabled (timer based) being skipped.
Nov  3 14:52:42 DESKTOP-2PHB2EP systemd[1]: Started Daily Cleanup of Temporary Directories.
Nov  3 14:52:42 DESKTOP-2PHB2EP systemd[1]: Condition check resulted in Ubuntu Pro Timer for running repeated jobs being skipped.
Nov  3 14:52:42 DESKTOP-2PHB2EP systemd[1]: Reached target Path Units.
Nov  3 14:52:42 DESKTOP-2PHB2EP systemd[1]: Reached target System Time Set.
Nov  3 14:52:42 DESKTOP-2PHB2EP systemd[1]: Started Daily apt download activities.
Nov  3 14:52:42 DESKTOP-2PHB2EP systemd[1]: Started Daily apt upgrade and clean activities.
Nov  3 14:52:42 DESKTOP-2PHB2EP systemd[1]: Started Daily dpkg database backup timer.
Nov  3 14:52:42 DESKTOP-2PHB2EP systemd[1]: Started Periodic ext4 Online Metadata Check for All Filesystems.
Nov  3 14:52:42 DESKTOP-2PHB2EP systemd[1]: Condition check resulted in Discard unused blocks once a week being skipped.
Nov  3 14:52:42 DESKTOP-2PHB2EP systemd[1]: Started Daily rotation of log files.
Nov  3 14:52:42 DESKTOP-2PHB2EP systemd[1]: Started Daily man-db regeneration.
Nov  3 14:52:42 DESKTOP-2PHB2EP systemd[1]: Started Message of the Day.
Nov  3 14:52:42 DESKTOP-2PHB2EP systemd[1]: Condition check resulted in Timer to automatically fetch and run repair assertions being skipped.
Nov  3 14:52:42 DESKTOP-2PHB2EP systemd[1]: Reached target Timer Units.
Nov  3 14:52:42 DESKTOP-2PHB2EP systemd[1]: Listening on Unix socket for apport crash forwarding.
Nov  3 14:52:42 DESKTOP-2PHB2EP systemd[1]: Listening on D-Bus System Message Bus Socket.
Nov  3 14:52:42 DESKTOP-2PHB2EP systemd[1]: Starting Socket activation for snappy daemon...
Nov  3 14:52:42 DESKTOP-2PHB2EP systemd[1]: Listening on UUID daemon activation socket.
Nov  3 14:52:42 DESKTOP-2PHB2EP systemd[1]: Listening on Socket activation for snappy daemon.
Nov  3 14:52:42 DESKTOP-2PHB2EP systemd[1]: Reached target Socket Units.
Nov  3 14:52:42 DESKTOP-2PHB2EP systemd[1]: Reached target Basic System.
Nov  3 14:52:42 DESKTOP-2PHB2EP systemd[1]: Starting LSB: automatic crash report generation...
Nov  3 14:52:42 DESKTOP-2PHB2EP systemd[1]: Started Regular background program processing daemon.
Nov  3 14:52:42 DESKTOP-2PHB2EP systemd-resolved[98]: Positive Trust Anchors:
Nov  3 14:52:42 DESKTOP-2PHB2EP systemd-resolved[98]: . IN DS 20326 8 2 e06d44b80b8f1d39a95c0b0d7c65d08458e880409bbc683457104237c7f8ec8d
Nov  3 14:52:42 DESKTOP-2PHB2EP systemd-resolved[98]: Negative trust anchors: home.arpa 10.in-addr.arpa 16.172.in-addr.arpa 17.172.in-addr.arpa 18.172.in-addr.arpa 19.172.in-addr.arpa 20.172.in-addr.arpa 21.172.in-addr.arpa 22.172.in-addr.arpa 23.172.in-addr.arpa 24.172.in-addr.arpa 25.172.in-addr.arpa 26.172.in-addr.arpa 27.172.in-addr.arpa 28.172.in-addr.arpa 29.172.in-addr.arpa 30.172.in-addr.arpa 31.172.in-addr.arpa 168.192.in-addr.arpa d.f.ip6.arpa corp home internal intranet lan local private test
Nov  3 14:52:42 DESKTOP-2PHB2EP systemd[1]: Started D-Bus System Message Bus.
Nov  3 14:52:42 DESKTOP-2PHB2EP cron[151]: (CRON) INFO (pidfile fd = 3)
Nov  3 14:52:42 DESKTOP-2PHB2EP systemd[1]: Started Save initial kernel messages after boot.
Nov  3 14:52:42 DESKTOP-2PHB2EP cron[151]: (CRON) INFO (Running @reboot jobs)
Nov  3 14:52:42 DESKTOP-2PHB2EP systemd[1]: Starting Remove Stale Online ext4 Metadata Check Snapshots...
Nov  3 14:52:42 DESKTOP-2PHB2EP systemd[1]: Condition check resulted in getty on tty2-tty6 if dbus and logind are not available being skipped.
Nov  3 14:52:42 DESKTOP-2PHB2EP systemd[1]: Condition check resulted in irqbalance daemon being skipped.
Nov  3 14:52:42 DESKTOP-2PHB2EP systemd[1]: Starting Landscape client daemons...
Nov  3 14:52:42 DESKTOP-2PHB2EP systemd[1]: Starting Dispatcher daemon for systemd-networkd...
Nov  3 14:52:42 DESKTOP-2PHB2EP systemd[1]: Starting System Logging Service...
Nov  3 14:52:42 DESKTOP-2PHB2EP systemd[1]: Condition check resulted in Automatically repair incorrect owner/permissions on core devices being skipped.
Nov  3 14:52:42 DESKTOP-2PHB2EP systemd[1]: Condition check resulted in Wait for the Ubuntu Core chooser trigger being skipped.
Nov  3 14:52:42 DESKTOP-2PHB2EP systemd[1]: Reached target Preparation for Logins.
Nov  3 14:52:42 DESKTOP-2PHB2EP systemd[1]: Starting Wait until snapd is fully seeded...
Nov  3 14:52:42 DESKTOP-2PHB2EP systemd-udevd[116]: sdb: Process '/usr/bin/unshare -m /usr/bin/snap auto-import --mount=/dev/sdb' failed with exit code 1.
Nov  3 14:52:42 DESKTOP-2PHB2EP systemd-udevd[115]: sda: Process '/usr/bin/unshare -m /usr/bin/snap auto-import --mount=/dev/sda' failed with exit code 1.
Nov  3 14:52:42 DESKTOP-2PHB2EP systemd[1]: Starting Snap Daemon...
Nov  3 14:52:42 DESKTOP-2PHB2EP systemd-resolved[98]: Using system hostname 'DESKTOP-2PHB2EP'.
Nov  3 14:52:42 DESKTOP-2PHB2EP systemd[1]: Starting User Login Management...
Nov  3 14:52:42 DESKTOP-2PHB2EP systemd[1]: Starting Permit User Sessions...
Nov  3 14:52:42 DESKTOP-2PHB2EP systemd[1]: Condition check resulted in Ubuntu Pro reboot cmds being skipped.
Nov  3 14:52:42 DESKTOP-2PHB2EP systemd[1]: Condition check resulted in Ubuntu Pro Background Auto Attach being skipped.
Nov  3 14:52:42 DESKTOP-2PHB2EP systemd[1]: Started Network Name Resolution.
Nov  3 14:52:42 DESKTOP-2PHB2EP systemd[1]: Finished Permit User Sessions.
Nov  3 14:52:42 DESKTOP-2PHB2EP rsyslogd: imuxsock: Acquired UNIX socket '/run/systemd/journal/syslog' (fd 3) from systemd.  [v8.2112.0]
Nov  3 14:52:42 DESKTOP-2PHB2EP rsyslogd: rsyslogd's groupid changed to 111
Nov  3 14:52:42 DESKTOP-2PHB2EP rsyslogd: rsyslogd's userid changed to 104
Nov  3 14:52:42 DESKTOP-2PHB2EP rsyslogd: [origin software="rsyslogd" swVersion="8.2112.0" x-pid="159" x-info="https://www.rsyslog.com"] start
Nov  3 14:52:42 DESKTOP-2PHB2EP systemd-udevd[107]: sdd: Process '/usr/bin/unshare -m /usr/bin/snap auto-import --mount=/dev/sdd' failed with exit code 1.
Nov  3 14:52:42 DESKTOP-2PHB2EP systemd-udevd[104]: sdc: Process '/usr/bin/unshare -m /usr/bin/snap auto-import --mount=/dev/sdc' failed with exit code 1.
Nov  3 14:52:42 DESKTOP-2PHB2EP systemd[1]: Started System Logging Service.
Nov  3 14:52:42 DESKTOP-2PHB2EP systemd[1]: e2scrub_reap.service: Deactivated successfully.
Nov  3 14:52:42 DESKTOP-2PHB2EP systemd[1]: Finished Remove Stale Online ext4 Metadata Check Snapshots.
Nov  3 14:52:42 DESKTOP-2PHB2EP systemd[1]: Reached target Host and Network Name Lookups.
Nov  3 14:52:42 DESKTOP-2PHB2EP systemd[1]: Starting Hold until boot process finishes up...
Nov  3 14:52:42 DESKTOP-2PHB2EP systemd[1]: Starting Terminate Plymouth Boot Screen...
Nov  3 14:52:42 DESKTOP-2PHB2EP systemd[1]: Started LSB: automatic crash report generation.
Nov  3 14:52:42 DESKTOP-2PHB2EP systemd[1]: Finished Hold until boot process finishes up.
Nov  3 14:52:42 DESKTOP-2PHB2EP systemd[1]: Started Console Getty.
Nov  3 14:52:42 DESKTOP-2PHB2EP systemd[1]: Starting Set console scheme...
Nov  3 14:52:42 DESKTOP-2PHB2EP systemd[1]: Finished Set console scheme.
Nov  3 14:52:42 DESKTOP-2PHB2EP systemd[1]: Created slice Slice /system/getty.
Nov  3 14:52:42 DESKTOP-2PHB2EP systemd[1]: Started Getty on tty1.
Nov  3 14:52:42 DESKTOP-2PHB2EP systemd[1]: Reached target Login Prompts.
Nov  3 14:52:42 DESKTOP-2PHB2EP systemd[1]: Finished Terminate Plymouth Boot Screen.
Nov  3 14:52:42 DESKTOP-2PHB2EP systemd[1]: Started User Login Management.
Nov  3 14:52:42 DESKTOP-2PHB2EP systemd[1]: Started Unattended Upgrades Shutdown.
Nov  3 14:52:43 DESKTOP-2PHB2EP snapd[165]: overlord.go:274: Acquiring state lock file
Nov  3 14:52:43 DESKTOP-2PHB2EP snapd[165]: overlord.go:279: Acquired state lock file
Nov  3 14:52:43 DESKTOP-2PHB2EP networkd-dispatcher[158]: No valid path found for iwconfig
Nov  3 14:52:43 DESKTOP-2PHB2EP networkd-dispatcher[158]: No valid path found for iw
Nov  3 14:52:43 DESKTOP-2PHB2EP snapd[165]: patch.go:64: Patching system state level 6 to sublevel 1...
Nov  3 14:52:43 DESKTOP-2PHB2EP dbus-daemon[153]: [system] Activating via systemd: service name='org.freedesktop.network1' unit='dbus-org.freedesktop.network1.service' requested by ':1.4' (uid=0 pid=230 comm="/usr/bin/networkctl list --no-pager --no-legend " label="kernel")
Nov  3 14:52:43 DESKTOP-2PHB2EP dbus-daemon[153]: [system] Activation via systemd failed for unit 'dbus-org.freedesktop.network1.service': Unit dbus-org.freedesktop.network1.service not found.
Nov  3 14:52:43 DESKTOP-2PHB2EP networkd-dispatcher[230]: WARNING: systemd-networkd is not running, output will be incomplete.
Nov  3 14:52:43 DESKTOP-2PHB2EP networkd-dispatcher[158]: ERROR:Unknown state for interface NetworkctlListState(idx=1, name='lo', type='loopback', operational='n/a', administrative='unmanaged'): n/a
Nov  3 14:52:43 DESKTOP-2PHB2EP networkd-dispatcher[158]: Traceback (most recent call last):
Nov  3 14:52:43 DESKTOP-2PHB2EP networkd-dispatcher[158]:   File "/usr/bin/networkd-dispatcher", line 298, in trigger_all
Nov  3 14:52:43 DESKTOP-2PHB2EP networkd-dispatcher[158]:     self.handle_state(iface_name,
Nov  3 14:52:43 DESKTOP-2PHB2EP networkd-dispatcher[158]:   File "/usr/bin/networkd-dispatcher", line 348, in handle_state
Nov  3 14:52:43 DESKTOP-2PHB2EP networkd-dispatcher[158]:     raise UnknownState(operational_state)
Nov  3 14:52:43 DESKTOP-2PHB2EP networkd-dispatcher[158]: UnknownState: n/a
Nov  3 14:52:43 DESKTOP-2PHB2EP networkd-dispatcher[158]: ERROR:Unknown state for interface NetworkctlListState(idx=2, name='eth0', type='ether', operational='n/a', administrative='unmanaged'): n/a
Nov  3 14:52:43 DESKTOP-2PHB2EP networkd-dispatcher[158]: Traceback (most recent call last):
Nov  3 14:52:43 DESKTOP-2PHB2EP networkd-dispatcher[158]:   File "/usr/bin/networkd-dispatcher", line 298, in trigger_all
Nov  3 14:52:43 DESKTOP-2PHB2EP networkd-dispatcher[158]:     self.handle_state(iface_name,
Nov  3 14:52:43 DESKTOP-2PHB2EP networkd-dispatcher[158]:   File "/usr/bin/networkd-dispatcher", line 348, in handle_state
Nov  3 14:52:43 DESKTOP-2PHB2EP networkd-dispatcher[158]:     raise UnknownState(operational_state)
Nov  3 14:52:43 DESKTOP-2PHB2EP networkd-dispatcher[158]: UnknownState: n/a
Nov  3 14:52:43 DESKTOP-2PHB2EP snapd[165]: patch.go:64: Patching system state level 6 to sublevel 2...
Nov  3 14:52:43 DESKTOP-2PHB2EP systemd[1]: Started Dispatcher daemon for systemd-networkd.
Nov  3 14:52:43 DESKTOP-2PHB2EP snapd[165]: patch.go:64: Patching system state level 6 to sublevel 3...
Nov  3 14:52:43 DESKTOP-2PHB2EP snapd[165]: daemon.go:250: started snapd/2.66.1+22.04 (series 16; classic; devmode; wsl) ubuntu/22.04 (amd64) linux/6.6.87.2-microsoft-standa.
Nov  3 14:52:46 DESKTOP-2PHB2EP systemd-resolved[98]: Clock change detected. Flushing caches.
Nov  3 14:52:46 DESKTOP-2PHB2EP systemd[1]: tmp-syscheck\x2dmountpoint\x2d1966820310.mount: Deactivated successfully.
Nov  3 14:52:46 DESKTOP-2PHB2EP snapd[165]: daemon.go:353: adjusting startup timeout by 30s (pessimistic estimate of 30s plus 5s per snap)
Nov  3 14:52:46 DESKTOP-2PHB2EP snapd[165]: backends.go:58: AppArmor status: apparmor not enabled
Nov  3 14:52:46 DESKTOP-2PHB2EP systemd[1]: Started Snap Daemon.
Nov  3 14:52:46 DESKTOP-2PHB2EP dbus-daemon[153]: [system] Activating via systemd: service name='org.freedesktop.timedate1' unit='dbus-org.freedesktop.timedate1.service' requested by ':1.7' (uid=0 pid=165 comm="/usr/lib/snapd/snapd " label="kernel")
Nov  3 14:52:46 DESKTOP-2PHB2EP systemd[1]: Starting Time & Date Service...
Nov  3 14:52:46 DESKTOP-2PHB2EP dbus-daemon[153]: [system] Successfully activated service 'org.freedesktop.timedate1'
Nov  3 14:52:46 DESKTOP-2PHB2EP systemd[1]: Started Time & Date Service.
Nov  3 14:52:46 DESKTOP-2PHB2EP systemd[1]: Finished Wait until snapd is fully seeded.
Nov  3 14:52:46 DESKTOP-2PHB2EP systemd[1]: Condition check resulted in Auto import assertions from block devices being skipped.
Nov  3 14:52:46 DESKTOP-2PHB2EP landscape-config[157]: Registered:    False
Nov  3 14:52:46 DESKTOP-2PHB2EP landscape-config[157]: Config Path:   /etc/landscape/client.conf
Nov  3 14:52:46 DESKTOP-2PHB2EP landscape-config[157]: Data Path      /var/lib/landscape/client
Nov  3 14:52:46 DESKTOP-2PHB2EP systemd[1]: landscape-client.service: Skipped due to 'exec-condition'.
Nov  3 14:52:46 DESKTOP-2PHB2EP systemd[1]: Condition check resulted in Landscape client daemons being skipped.
Nov  3 14:52:46 DESKTOP-2PHB2EP systemd[1]: Reached target Multi-User System.
Nov  3 14:52:46 DESKTOP-2PHB2EP systemd[1]: Reached target Graphical Interface.
Nov  3 14:52:46 DESKTOP-2PHB2EP systemd[1]: Starting Record Runlevel Change in UTMP...
Nov  3 14:52:46 DESKTOP-2PHB2EP systemd[1]: systemd-update-utmp-runlevel.service: Deactivated successfully.
Nov  3 14:52:46 DESKTOP-2PHB2EP systemd[1]: Finished Record Runlevel Change in UTMP.
Nov  3 14:52:46 DESKTOP-2PHB2EP systemd[1]: Startup finished in 652ms.
Nov  3 14:52:46 DESKTOP-2PHB2EP systemd[1]: dmesg.service: Deactivated successfully.
Nov  3 14:52:43 DESKTOP-2PHB2EP systemd-resolved[98]: Clock change detected. Flushing caches.
Nov  3 14:52:43 DESKTOP-2PHB2EP systemd-timesyncd[99]: Initial synchronization to time server 185.125.190.56:123 (ntp.ubuntu.com).
Nov  3 14:52:43 DESKTOP-2PHB2EP systemd[1]: Created slice User Slice of UID 0.
Nov  3 14:52:43 DESKTOP-2PHB2EP systemd[1]: Starting User Runtime Directory /run/user/0...
Nov  3 14:52:43 DESKTOP-2PHB2EP systemd[1]: Finished User Runtime Directory /run/user/0.
Nov  3 14:52:43 DESKTOP-2PHB2EP systemd[1]: Starting User Manager for UID 0...
Nov  3 14:52:43 DESKTOP-2PHB2EP systemd[315]: user@0.service: Failed to attach to cgroup /user.slice/user-0.slice/user@0.service: Device or resource busy
Nov  3 14:52:43 DESKTOP-2PHB2EP systemd[315]: user@0.service: Failed at step CGROUP spawning /lib/systemd/systemd: Device or resource busy
Nov  3 14:52:43 DESKTOP-2PHB2EP systemd[1]: user@0.service: Main process exited, code=exited, status=219/CGROUP
Nov  3 14:52:43 DESKTOP-2PHB2EP systemd[1]: user@0.service: Failed with result 'exit-code'.
Nov  3 14:52:43 DESKTOP-2PHB2EP systemd[1]: Failed to start User Manager for UID 0.
Nov  3 14:52:43 DESKTOP-2PHB2EP systemd[1]: Started Session 3 of User root.
Nov  3 14:52:43 DESKTOP-2PHB2EP kernel: [   33.792314] WSL (2 - Interop) ERROR: operator():2721: systemctl is-active user@0.service returned: failed
Nov  3 14:52:43 DESKTOP-2PHB2EP kernel: [   33.792314] 
Nov  3 14:52:48 DESKTOP-2PHB2EP snapd[165]: daemon.go:548: gracefully waiting for running hooks
Nov  3 14:52:48 DESKTOP-2PHB2EP snapd[165]: daemon.go:550: done waiting for running hooks
Nov  3 14:52:51 DESKTOP-2PHB2EP snapd[165]: overlord.go:518: Released state lock file
Nov  3 14:52:51 DESKTOP-2PHB2EP snapd[165]: daemon stop requested to wait for socket activation
Nov  3 14:52:51 DESKTOP-2PHB2EP systemd[1]: snapd.service: Deactivated successfully.
Nov  3 14:52:52 DESKTOP-2PHB2EP systemd[1]: Mounting FUSE Control File System...
Nov  3 14:52:52 DESKTOP-2PHB2EP kernel: [   42.071499] misc dxg: dxgk: dxgkio_is_feature_enabled: Ioctl failed: -22
Nov  3 14:52:52 DESKTOP-2PHB2EP kernel: [   42.073138] misc dxg: dxgk: dxgkio_query_adapter_info: Ioctl failed: -22
Nov  3 14:52:52 DESKTOP-2PHB2EP kernel: [   42.073792] misc dxg: dxgk: dxgkio_query_adapter_info: Ioctl failed: -22
Nov  3 14:52:52 DESKTOP-2PHB2EP kernel: [   42.074426] misc dxg: dxgk: dxgkio_query_adapter_info: Ioctl failed: -22
Nov  3 14:52:52 DESKTOP-2PHB2EP kernel: [   42.075183] misc dxg: dxgk: dxgkio_query_adapter_info: Ioctl failed: -2
Nov  3 14:52:52 DESKTOP-2PHB2EP kernel: [   42.251676] systemd-journald[58]: Received client request to flush runtime journal.
Nov  3 14:52:52 DESKTOP-2PHB2EP kernel: [   42.260415] systemd-journald[58]: File /var/log/journal/5671c1b2288147f38daf07b47fc03963/system.journal corrupted or uncleanly shut down, renaming and replacing.
Nov  3 14:52:52 DESKTOP-2PHB2EP systemd[1]: Condition check resulted in Kernel Configuration File System being skipped.
Nov  3 14:52:52 DESKTOP-2PHB2EP systemd[1]: Starting Flush Journal to Persistent Storage...
Nov  3 14:52:52 DESKTOP-2PHB2EP systemd[1]: Condition check resulted in Platform Persistent Storage Archival being skipped.
Nov  3 14:52:52 DESKTOP-2PHB2EP systemd[1]: Condition check resulted in Load/Save Random Seed being skipped.
Nov  3 14:52:52 DESKTOP-2PHB2EP systemd[1]: Condition check resulted in First Boot Complete being skipped.
Nov  3 14:52:52 DESKTOP-2PHB2EP systemd[1]: Starting Create System Users...
Nov  3 14:52:52 DESKTOP-2PHB2EP systemd[1]: Mounted FUSE Control File System.
Nov  3 14:52:52 DESKTOP-2PHB2EP systemd[1]: Finished Create System Users.
Nov  3 14:52:52 DESKTOP-2PHB2EP systemd[1]: Starting Create Static Device Nodes in /dev...
Nov  3 14:52:52 DESKTOP-2PHB2EP systemd[1]: Finished Set the console keyboard layout.
Nov  3 14:52:52 DESKTOP-2PHB2EP systemd[1]: Finished Create Static Device Nodes in /dev.
Nov  3 14:52:52 DESKTOP-2PHB2EP systemd[1]: Reached target Preparation for Local File Systems.
Nov  3 14:52:52 DESKTOP-2PHB2EP systemd[1]: Reached target Local File Systems.
Nov  3 14:52:52 DESKTOP-2PHB2EP systemd[1]: Condition check resulted in Load AppArmor profiles being skipped.
Nov  3 14:52:52 DESKTOP-2PHB2EP systemd[1]: Starting Set console font and keymap...
Nov  3 14:52:52 DESKTOP-2PHB2EP systemd[1]: Starting Tell Plymouth To Write Out Runtime Data...
Nov  3 14:52:52 DESKTOP-2PHB2EP systemd[1]: Condition check resulted in Load AppArmor profiles managed internally by snapd being skipped.
Nov  3 14:52:52 DESKTOP-2PHB2EP systemd[1]: Condition check resulted in Set Up Additional Binary Formats being skipped.
Nov  3 14:52:52 DESKTOP-2PHB2EP systemd[1]: Condition check resulted in Store a System Token in an EFI Variable being skipped.
Nov  3 14:52:52 DESKTOP-2PHB2EP systemd[1]: Condition check resulted in Commit a transient machine-id on disk being skipped.
Nov  3 14:52:52 DESKTOP-2PHB2EP systemd[1]: Starting Rule-based Manager for Device Events and Files...
Nov  3 14:52:52 DESKTOP-2PHB2EP systemd[1]: Starting Uncomplicated firewall...
Nov  3 14:52:52 DESKTOP-2PHB2EP systemd[1]: Finished Set console font and keymap.
Nov  3 14:52:52 DESKTOP-2PHB2EP systemd[1]: Finished Uncomplicated firewall.
Nov  3 14:52:52 DESKTOP-2PHB2EP systemd[1]: Reached target Preparation for Network.
Nov  3 14:52:52 DESKTOP-2PHB2EP systemd[1]: Finished Coldplug All udev Devices.
Nov  3 14:52:52 DESKTOP-2PHB2EP systemd[1]: Finished Tell Plymouth To Write Out Runtime Data.
Nov  3 14:52:52 DESKTOP-2PHB2EP systemd[1]: Started Rule-based Manager for Device Events and Files.
Nov  3 14:52:52 DESKTOP-2PHB2EP systemd[1]: Condition check resulted in Show Plymouth Boot Screen being skipped.
Nov  3 14:52:52 DESKTOP-2PHB2EP systemd[1]: Started Dispatch Password Requests to Console Directory Watch.
Nov  3 14:52:52 DESKTOP-2PHB2EP systemd[1]: Condition check resulted in Forward Password Requests to Plymouth Directory Watch being skipped.
Nov  3 14:52:52 DESKTOP-2PHB2EP systemd[1]: Reached target Local Encrypted Volumes.
Nov  3 14:52:52 DESKTOP-2PHB2EP systemd[1]: Finished Flush Journal to Persistent Storage.
Nov  3 14:52:52 DESKTOP-2PHB2EP systemd[1]: Starting Create Volatile Files and Directories...
Nov  3 14:52:52 DESKTOP-2PHB2EP systemd[1]: Finished Create Volatile Files and Directories.
Nov  3 14:52:52 DESKTOP-2PHB2EP systemd[1]: Starting Load Kernel Module configfs...
Nov  3 14:52:52 DESKTOP-2PHB2EP systemd[1]: Starting Network Name Resolution...
Nov  3 14:52:52 DESKTOP-2PHB2EP systemd[1]: Starting Network Time Synchronization...
Nov  3 14:52:52 DESKTOP-2PHB2EP systemd[1]: Starting Record System Boot/Shutdown in UTMP...
Nov  3 14:52:52 DESKTOP-2PHB2EP systemd[1]: Condition check resulted in WSLg Remount Service being skipped.
Nov  3 14:52:52 DESKTOP-2PHB2EP systemd[1]: modprobe@configfs.service: Deactivated successfully.
Nov  3 14:52:52 DESKTOP-2PHB2EP systemd[1]: Finished Load Kernel Module configfs.
Nov  3 14:52:52 DESKTOP-2PHB2EP systemd[1]: Condition check resulted in Kernel Configuration File System being skipped.
Nov  3 14:52:52 DESKTOP-2PHB2EP systemd-udevd[88]: Using default interface naming scheme 'v249'.
Nov  3 14:52:52 DESKTOP-2PHB2EP systemd[1]: Finished Record System Boot/Shutdown in UTMP.
Nov  3 14:52:52 DESKTOP-2PHB2EP systemd[1]: Started Network Time Synchronization.
Nov  3 14:52:52 DESKTOP-2PHB2EP systemd[1]: Reached target System Initialization.
Nov  3 14:52:52 DESKTOP-2PHB2EP systemd-resolved[98]: Positive Trust Anchors:
Nov  3 14:52:52 DESKTOP-2PHB2EP systemd-resolved[98]: . IN DS 20326 8 2 e06d44b80b8f1d39a95c0b0d7c65d08458e880409bbc683457104237c7f8ec8d
Nov  3 14:52:52 DESKTOP-2PHB2EP systemd-resolved[98]: Negative trust anchors: home.arpa 10.in-addr.arpa 16.172.in-addr.arpa 17.172.in-addr.arpa 18.172.in-addr.arpa 19.172.in-addr.arpa 20.172.in-addr.arpa 21.172.in-addr.arpa 22.172.in-addr.arpa 23.172.in-addr.arpa 24.172.in-addr.arpa 25.172.in-addr.arpa 26.172.in-addr.arpa 27.172.in-addr.arpa 28.172.in-addr.arpa 29.172.in-addr.arpa 30.172.in-addr.arpa 31.172.in-addr.arpa 168.192.in-addr.arpa d.f.ip6.arpa corp home internal intranet lan local private test
Nov  3 14:52:52 DESKTOP-2PHB2EP systemd[1]: Condition check resulted in Process error reports when automatic reporting is enabled (file watch) being skipped.
Nov  3 14:52:52 DESKTOP-2PHB2EP systemd[1]: Condition check resulted in Process error reports when automatic reporting is enabled (timer based) being skipped.
Nov  3 14:52:52 DESKTOP-2PHB2EP systemd[1]: Started Daily Cleanup of Temporary Directories.
Nov  3 14:52:52 DESKTOP-2PHB2EP systemd[1]: Condition check resulted in Ubuntu Pro Timer for running repeated jobs being skipped.
Nov  3 14:52:52 DESKTOP-2PHB2EP systemd[1]: Reached target Path Units.
Nov  3 14:52:52 DESKTOP-2PHB2EP systemd[1]: Reached target System Time Set.
Nov  3 14:52:52 DESKTOP-2PHB2EP systemd[1]: Started Daily apt download activities.
Nov  3 14:52:52 DESKTOP-2PHB2EP systemd[1]: Started Daily apt upgrade and clean activities.
Nov  3 14:52:52 DESKTOP-2PHB2EP systemd[1]: Started Daily dpkg database backup timer.
Nov  3 14:52:52 DESKTOP-2PHB2EP systemd[1]: Started Periodic ext4 Online Metadata Check for All Filesystems.
Nov  3 14:52:52 DESKTOP-2PHB2EP systemd[1]: Condition check resulted in Discard unused blocks once a week being skipped.
Nov  3 14:52:52 DESKTOP-2PHB2EP systemd[1]: Started Daily rotation of log files.
Nov  3 14:52:52 DESKTOP-2PHB2EP systemd[1]: Started Daily man-db regeneration.
Nov  3 14:52:52 DESKTOP-2PHB2EP systemd[1]: Started Message of the Day.
Nov  3 14:52:52 DESKTOP-2PHB2EP systemd[1]: Condition check resulted in Timer to automatically fetch and run repair assertions being skipped.
Nov  3 14:52:52 DESKTOP-2PHB2EP systemd[1]: Reached target Timer Units.
Nov  3 14:52:52 DESKTOP-2PHB2EP systemd[1]: Listening on Unix socket for apport crash forwarding.
Nov  3 14:52:52 DESKTOP-2PHB2EP systemd[1]: Listening on D-Bus System Message Bus Socket.
Nov  3 14:52:52 DESKTOP-2PHB2EP systemd[1]: Starting Socket activation for snappy daemon...
Nov  3 14:52:52 DESKTOP-2PHB2EP systemd[1]: Listening on UUID daemon activation socket.
Nov  3 14:52:52 DESKTOP-2PHB2EP systemd[1]: Listening on Socket activation for snappy daemon.
Nov  3 14:52:52 DESKTOP-2PHB2EP systemd[1]: Reached target Socket Units.
Nov  3 14:52:52 DESKTOP-2PHB2EP systemd[1]: Reached target Basic System.
Nov  3 14:52:52 DESKTOP-2PHB2EP systemd[1]: Starting LSB: automatic crash report generation...
Nov  3 14:52:52 DESKTOP-2PHB2EP systemd-udevd[104]: sda: Process '/usr/bin/unshare -m /usr/bin/snap auto-import --mount=/dev/sda' failed with exit code 1.
Nov  3 14:52:52 DESKTOP-2PHB2EP systemd-udevd[106]: sdb: Process '/usr/bin/unshare -m /usr/bin/snap auto-import --mount=/dev/sdb' failed with exit code 1.
Nov  3 14:52:52 DESKTOP-2PHB2EP systemd[1]: Started Regular background program processing daemon.
Nov  3 14:52:52 DESKTOP-2PHB2EP systemd-resolved[98]: Using system hostname 'DESKTOP-2PHB2EP'.
Nov  3 14:52:52 DESKTOP-2PHB2EP systemd[1]: Started D-Bus System Message Bus.
Nov  3 14:52:52 DESKTOP-2PHB2EP cron[132]: (CRON) INFO (pidfile fd = 3)
Nov  3 14:52:52 DESKTOP-2PHB2EP cron[132]: (CRON) INFO (Running @reboot jobs)
Nov  3 14:52:52 DESKTOP-2PHB2EP systemd[1]: Started Save initial kernel messages after boot.
Nov  3 14:52:52 DESKTOP-2PHB2EP systemd[1]: Starting Remove Stale Online ext4 Metadata Check Snapshots...
Nov  3 14:52:52 DESKTOP-2PHB2EP systemd[1]: Condition check resulted in getty on tty2-tty6 if dbus and logind are not available being skipped.
Nov  3 14:52:52 DESKTOP-2PHB2EP systemd[1]: Condition check resulted in irqbalance daemon being skipped.
Nov  3 14:52:52 DESKTOP-2PHB2EP systemd[1]: Starting Landscape client daemons...
Nov  3 14:52:52 DESKTOP-2PHB2EP systemd[1]: Starting Dispatcher daemon for systemd-networkd...
Nov  3 14:52:52 DESKTOP-2PHB2EP systemd[1]: Starting System Logging Service...
Nov  3 14:52:52 DESKTOP-2PHB2EP systemd[1]: Condition check resulted in Automatically repair incorrect owner/permissions on core devices being skipped.
Nov  3 14:52:52 DESKTOP-2PHB2EP systemd[1]: Condition check resulted in Wait for the Ubuntu Core chooser trigger being skipped.
